Archive member included to satisfy reference by file (symbol)

d:/tool/stm32cubeide_1.7.0/stm32/stm32cubeide_1.7.0/stm32cubeide/plugins/com.st.stm32cube.ide.mcu.externaltools.gnu-tools-for-stm32.9-2020-q2-update.win32_2.0.0.202105311346/tools/bin/../lib/gcc/arm-none-eabi/9.3.1/../../../../arm-none-eabi/lib/thumb/v7-m/nofp\libc_nano.a(lib_a-errno.o)
                              ./Core/Src/syscalls.o (__errno)
d:/tool/stm32cubeide_1.7.0/stm32/stm32cubeide_1.7.0/stm32cubeide/plugins/com.st.stm32cube.ide.mcu.externaltools.gnu-tools-for-stm32.9-2020-q2-update.win32_2.0.0.202105311346/tools/bin/../lib/gcc/arm-none-eabi/9.3.1/../../../../arm-none-eabi/lib/thumb/v7-m/nofp\libc_nano.a(lib_a-exit.o)
                              d:/tool/stm32cubeide_1.7.0/stm32/stm32cubeide_1.7.0/stm32cubeide/plugins/com.st.stm32cube.ide.mcu.externaltools.gnu-tools-for-stm32.9-2020-q2-update.win32_2.0.0.202105311346/tools/bin/../lib/gcc/arm-none-eabi/9.3.1/../../../../arm-none-eabi/lib/thumb/v7-m/nofp/crt0.o (exit)
d:/tool/stm32cubeide_1.7.0/stm32/stm32cubeide_1.7.0/stm32cubeide/plugins/com.st.stm32cube.ide.mcu.externaltools.gnu-tools-for-stm32.9-2020-q2-update.win32_2.0.0.202105311346/tools/bin/../lib/gcc/arm-none-eabi/9.3.1/../../../../arm-none-eabi/lib/thumb/v7-m/nofp\libc_nano.a(lib_a-impure.o)
                              d:/tool/stm32cubeide_1.7.0/stm32/stm32cubeide_1.7.0/stm32cubeide/plugins/com.st.stm32cube.ide.mcu.externaltools.gnu-tools-for-stm32.9-2020-q2-update.win32_2.0.0.202105311346/tools/bin/../lib/gcc/arm-none-eabi/9.3.1/../../../../arm-none-eabi/lib/thumb/v7-m/nofp\libc_nano.a(lib_a-exit.o) (_global_impure_ptr)
d:/tool/stm32cubeide_1.7.0/stm32/stm32cubeide_1.7.0/stm32cubeide/plugins/com.st.stm32cube.ide.mcu.externaltools.gnu-tools-for-stm32.9-2020-q2-update.win32_2.0.0.202105311346/tools/bin/../lib/gcc/arm-none-eabi/9.3.1/../../../../arm-none-eabi/lib/thumb/v7-m/nofp\libc_nano.a(lib_a-init.o)
                              d:/tool/stm32cubeide_1.7.0/stm32/stm32cubeide_1.7.0/stm32cubeide/plugins/com.st.stm32cube.ide.mcu.externaltools.gnu-tools-for-stm32.9-2020-q2-update.win32_2.0.0.202105311346/tools/bin/../lib/gcc/arm-none-eabi/9.3.1/../../../../arm-none-eabi/lib/thumb/v7-m/nofp/crt0.o (__libc_init_array)
d:/tool/stm32cubeide_1.7.0/stm32/stm32cubeide_1.7.0/stm32cubeide/plugins/com.st.stm32cube.ide.mcu.externaltools.gnu-tools-for-stm32.9-2020-q2-update.win32_2.0.0.202105311346/tools/bin/../lib/gcc/arm-none-eabi/9.3.1/../../../../arm-none-eabi/lib/thumb/v7-m/nofp\libc_nano.a(lib_a-memset.o)
                              d:/tool/stm32cubeide_1.7.0/stm32/stm32cubeide_1.7.0/stm32cubeide/plugins/com.st.stm32cube.ide.mcu.externaltools.gnu-tools-for-stm32.9-2020-q2-update.win32_2.0.0.202105311346/tools/bin/../lib/gcc/arm-none-eabi/9.3.1/../../../../arm-none-eabi/lib/thumb/v7-m/nofp/crt0.o (memset)
d:/tool/stm32cubeide_1.7.0/stm32/stm32cubeide_1.7.0/stm32cubeide/plugins/com.st.stm32cube.ide.mcu.externaltools.gnu-tools-for-stm32.9-2020-q2-update.win32_2.0.0.202105311346/tools/bin/../lib/gcc/arm-none-eabi/9.3.1/../../../../arm-none-eabi/lib/thumb/v7-m/nofp\libc_nano.a(lib_a-sprintf.o)
                              ./Core/Src/Device_Functions.o (sprintf)
d:/tool/stm32cubeide_1.7.0/stm32/stm32cubeide_1.7.0/stm32cubeide/plugins/com.st.stm32cube.ide.mcu.externaltools.gnu-tools-for-stm32.9-2020-q2-update.win32_2.0.0.202105311346/tools/bin/../lib/gcc/arm-none-eabi/9.3.1/../../../../arm-none-eabi/lib/thumb/v7-m/nofp\libc_nano.a(lib_a-nano-svfprintf.o)
                              d:/tool/stm32cubeide_1.7.0/stm32/stm32cubeide_1.7.0/stm32cubeide/plugins/com.st.stm32cube.ide.mcu.externaltools.gnu-tools-for-stm32.9-2020-q2-update.win32_2.0.0.202105311346/tools/bin/../lib/gcc/arm-none-eabi/9.3.1/../../../../arm-none-eabi/lib/thumb/v7-m/nofp\libc_nano.a(lib_a-sprintf.o) (_svfprintf_r)
d:/tool/stm32cubeide_1.7.0/stm32/stm32cubeide_1.7.0/stm32cubeide/plugins/com.st.stm32cube.ide.mcu.externaltools.gnu-tools-for-stm32.9-2020-q2-update.win32_2.0.0.202105311346/tools/bin/../lib/gcc/arm-none-eabi/9.3.1/../../../../arm-none-eabi/lib/thumb/v7-m/nofp\libc_nano.a(lib_a-nano-vfprintf_i.o)
                              d:/tool/stm32cubeide_1.7.0/stm32/stm32cubeide_1.7.0/stm32cubeide/plugins/com.st.stm32cube.ide.mcu.externaltools.gnu-tools-for-stm32.9-2020-q2-update.win32_2.0.0.202105311346/tools/bin/../lib/gcc/arm-none-eabi/9.3.1/../../../../arm-none-eabi/lib/thumb/v7-m/nofp\libc_nano.a(lib_a-nano-svfprintf.o) (_printf_i)
d:/tool/stm32cubeide_1.7.0/stm32/stm32cubeide_1.7.0/stm32cubeide/plugins/com.st.stm32cube.ide.mcu.externaltools.gnu-tools-for-stm32.9-2020-q2-update.win32_2.0.0.202105311346/tools/bin/../lib/gcc/arm-none-eabi/9.3.1/../../../../arm-none-eabi/lib/thumb/v7-m/nofp\libc_nano.a(lib_a-memchr-stub.o)
[...]
Memory Configuration

Name             Origin             Length             Attributes
RAM              0x0000000020000000 0x0000000000005000 xrw
FLASH            0x0000000008000000 0x0000000000020000 xr
*default*        0x0000000000000000 0xffffffffffffffff

Linker script and memory map

LOAD d:/tool/stm32cubeide_1.7.0/stm32/stm32cubeide_1.7.0/stm32cubeide/plugins/com.st.stm32cube.ide.mcu.externaltools.gnu-tools-for-stm32.9-2020-q2-update.win32_2.0.0.202105311346/tools/bin/../lib/gcc/arm-none-eabi/9.3.1/thumb/v7-m/nofp/crti.o
LOAD d:/tool/stm32cubeide_1.7.0/stm32/stm32cubeide_1.7.0/stm32cubeide/plugins/com.st.stm32cube.ide.mcu.externaltools.gnu-tools-for-stm32.9-2020-q2-update.win32_2.0.0.202105311346/tools/bin/../lib/gcc/arm-none-eabi/9.3.1/thumb/v7-m/nofp/crtbegin.o
LOAD d:/tool/stm32cubeide_1.7.0/stm32/stm32cubeide_1.7.0/stm32cubeide/plugins/com.st.stm32cube.ide.mcu.externaltools.gnu-tools-for-stm32.9-2020-q2-update.win32_2.0.0.202105311346/tools/bin/../lib/gcc/arm-none-eabi/9.3.1/../../../../arm-none-eabi/lib/thumb/v7-m/nofp/crt0.o
LOAD ./Core/Src/Device_Functions.o
LOAD ./Core/Src/Software_timer.o
LOAD ./Core/Src/button.o
LOAD ./Core/Src/fsm_automatic.o
LOAD ./Core/Src/fsm_manual.o
LOAD ./Core/Src/global.o
LOAD ./Core/Src/main.o
LOAD ./Core/Src/modification_mode.o
LOAD ./Core/Src/stm32f1xx_hal_msp.o
LOAD ./Core/Src/stm32f1xx_it.o
LOAD ./Core/Src/syscalls.o
LOAD ./Core/Src/sysmem.o
LOAD ./Core/Src/system_stm32f1xx.o
LOAD ./Core/Startup/startup_stm32f103rbtx.o
LOAD ./Drivers/STM32F1xx_HAL_Driver/Src/stm32f1xx_hal.o
LOAD ./Drivers/STM32F1xx_HAL_Driver/Src/stm32f1xx_hal_cortex.o
LOAD ./Drivers/STM32F1xx_HAL_Driver/Src/stm32f1xx_hal_dma.o
LOAD ./Drivers/STM32F1xx_HAL_Driver/Src/stm32f1xx_hal_exti.o
LOAD ./Drivers/STM32F1xx_HAL_Driver/Src/stm32f1xx_hal_flash.o
LOAD ./Drivers/STM32F1xx_HAL_Driver/Src/stm32f1xx_hal_flash_ex.o
LOAD ./Drivers/STM32F1xx_HAL_Driver/Src/stm32f1xx_hal_gpio.o
LOAD ./Drivers/STM32F1xx_HAL_Driver/Src/stm32f1xx_hal_gpio_ex.o
LOAD ./Drivers/STM32F1xx_HAL_Driver/Src/stm32f1xx_hal_pwr.o
LOAD ./Drivers/STM32F1xx_HAL_Driver/Src/stm32f1xx_hal_rcc.o
LOAD ./Drivers/STM32F1xx_HAL_Driver/Src/stm32f1xx_hal_rcc_ex.o
LOAD ./Drivers/STM32F1xx_HAL_Driver/Src/stm32f1xx_hal_tim.o
LOAD ./Drivers/STM32F1xx_HAL_Driver/Src/stm32f1xx_hal_tim_ex.o
LOAD ./Drivers/STM32F1xx_HAL_Driver/Src/stm32f1xx_hal_uart.o
START GROUP
LOAD d:/tool/stm32cubeide_1.7.0/stm32/stm32cubeide_1.7.0/stm32cubeide/plugins/com.st.stm32cube.ide.mcu.externaltools.gnu-tools-for-stm32.9-2020-q2-update.win32_2.0.0.202105311346/tools/bin/../lib/gcc/arm-none-eabi/9.3.1/../../../../arm-none-eabi/lib/thumb/v7-m/nofp\libc_nano.a
LOAD d:/tool/stm32cubeide_1.7.0/stm32/stm32cubeide_1.7.0/stm32cubeide/plugins/com.st.stm32cube.ide.mcu.externaltools.gnu-tools-for-stm32.9-2020-q2-update.win32_2.0.0.202105311346/tools/bin/../lib/gcc/arm-none-eabi/9.3.1/../../../../arm-none-eabi/lib/thumb/v7-m/nofp\libm.a
END GROUP
START GROUP
LOAD d:/tool/stm32cubeide_1.7.0/stm32/stm32cubeide_1.7.0/stm32cubeide/plugins/com.st.stm32cube.ide.mcu.externaltools.gnu-tools-for-stm32.9-2020-q2-update.win32_2.0.0.202105311346/tools/bin/../lib/gcc/arm-none-eabi/9.3.1/thumb/v7-m/nofp\libgcc.a
LOAD d:/tool/stm32cubeide_1.7.0/stm32/stm32cubeide_1.7.0/stm32cubeide/plugins/com.st.stm32cube.ide.mcu.externaltools.gnu-tools-for-stm32.9-2020-q2-update.win32_2.0.0.202105311346/tools/bin/../lib/gcc/arm-none-eabi/9.3.1/../../../../arm-none-eabi/lib/thumb/v7-m/nofp\libc_nano.a
END GROUP
START GROUP
LOAD d:/tool/stm32cubeide_1.7.0/stm32/stm32cubeide_1.7.0/stm32cubeide/plugins/com.st.stm32cube.ide.mcu.externaltools.gnu-tools-for-stm32.9-2020-q2-update.win32_2.0.0.202105311346/tools/bin/../lib/gcc/arm-none-eabi/9.3.1/thumb/v7-m/nofp\libgcc.a
LOAD d:/tool/stm32cubeide_1.7.0/stm32/stm32cubeide_1.7.0/stm32cubeide/plugins/com.st.stm32cube.ide.mcu.externaltools.gnu-tools-for-stm32.9-2020-q2-update.win32_2.0.0.202105311346/tools/bin/../lib/gcc/arm-none-eabi/9.3.1/../../../../arm-none-eabi/lib/thumb/v7-m/nofp\libc_nano.a
LOAD d:/tool/stm32cubeide_1.7.0/stm32/stm32cubeide_1.7.0/stm32cubeide/plugins/com.st.stm32cube.ide.mcu.externaltools.gnu-tools-for-stm32.9-2020-q2-update.win32_2.0.0.202105311346/tools/bin/../lib/gcc/arm-none-eabi/9.3.1/../../../../arm-none-eabi/lib/thumb/v7-m/nofp\libnosys.a
END GROUP
START GROUP
LOAD d:/tool/stm32cubeide_1.7.0/stm32/stm32cubeide_1.7.0/stm32cubeide/plugins/com.st.stm32cube.ide.mcu.externaltools.gnu-tools-for-stm32.9-2020-q2-update.win32_2.0.0.202105311346/tools/bin/../lib/gcc/arm-none-eabi/9.3.1/thumb/v7-m/nofp\libgcc.a
LOAD d:/tool/stm32cubeide_1.7.0/stm32/stm32cubeide_1.7.0/stm32cubeide/plugins/com.st.stm32cube.ide.mcu.externaltools.gnu-tools-for-stm32.9-2020-q2-update.win32_2.0.0.202105311346/tools/bin/../lib/gcc/arm-none-eabi/9.3.1/../../../../arm-none-eabi/lib/thumb/v7-m/nofp\libc_nano.a
LOAD d:/tool/stm32cubeide_1.7.0/stm32/stm32cubeide_1.7.0/stm32cubeide/plugins/com.st.stm32cube.ide.mcu.externaltools.gnu-tools-for-stm32.9-2020-q2-update.win32_2.0.0.202105311346/tools/bin/../lib/gcc/arm-none-eabi/9.3.1/../../../../arm-none-eabi/lib/thumb/v7-m/nofp\libnosys.a
END GROUP
LOAD d:/tool/stm32cubeide_1.7.0/stm32/stm32cubeide_1.7.0/stm32cubeide/plugins/com.st.stm32cube.ide.mcu.externaltools.gnu-tools-for-stm32.9-2020-q2-update.win32_2.0.0.202105311346/tools/bin/../lib/gcc/arm-none-eabi/9.3.1/thumb/v7-m/nofp/crtend.o
LOAD d:/tool/stm32cubeide_1.7.0/stm32/stm32cubeide_1.7.0/stm32cubeide/plugins/com.st.stm32cube.ide.mcu.externaltools.gnu-tools-for-stm32.9-2020-q2-update.win32_2.0.0.202105311346/tools/bin/../lib/gcc/arm-none-eabi/9.3.1/thumb/v7-m/nofp/crtn.o
                0x0000000020005000                _estack = (ORIGIN (RAM) + LENGTH (RAM))
                0x0000000000000200                _Min_Heap_Size = 0x200
                0x0000000000000400                _Min_Stack_Size = 0x400

.isr_vector     0x0000000008000000      0x10c
                0x0000000008000000                . = ALIGN (0x4)
 *(.isr_vector)
 .isr_vector    0x0000000008000000      0x10c ./Core/Startup/startup_stm32f103rbtx.o
                0x0000000008000000                g_pfnVectors
                0x000000000800010c                . = ALIGN (0x4)

.text           0x0000000008000110     0x51d4
                0x0000000008000110                . = ALIGN (0x4)
 *(.text)
 .text          0x0000000008000110       0x40 d:/tool/stm32cubeide_1.7.0/stm32/stm32cubeide_1.7.0/stm32cubeide/plugins/com.st.stm32cube.ide.mcu.externaltools.gnu-tools-for-stm32.9-2020-q2-update.win32_2.0.0.202105311346/tools/bin/../lib/gcc/arm-none-eabi/9.3.1/thumb/v7-m/nofp/crtbegin.o
 .text          0x0000000008000150      0x168 d:/tool/stm32cubeide_1.7.0/stm32/stm32cubeide_1.7.0/stm32cubeide/plugins/com.st.stm32cube.ide.mcu.externaltools.gnu-tools-for-stm32.9-2020-q2-update.win32_2.0.0.202105311346/tools/bin/../lib/gcc/arm-none-eabi/9.3.1/thumb/v7-m/nofp\libgcc.a(_arm_mulsf3.o)
                0x0000000008000150                __aeabi_fmul
                0x0000000008000150                __mulsf3
 .text          0x00000000080002b8      0x378 d:/tool/stm32cubeide_1.7.0/stm32/stm32cubeide_1.7.0/stm32cubeide/plugins/com.st.stm32cube.ide.mcu.externaltools.gnu-tools-for-stm32.9-2020-q2-update.win32_2.0.0.202105311346/tools/bin/../lib/gcc/arm-none-eabi/9.3.1/thumb/v7-m/nofp\libgcc.a(_arm_addsubdf3.o)
                0x00000000080002b8                __aeabi_drsub
                0x00000000080002c0                __aeabi_dsub
                0x00000000080002c0                __subdf3
                0x00000000080002c4                __aeabi_dadd
                0x00000000080002c4                __adddf3
                0x000000000800053c                __floatunsidf
                0x000000000800053c                __aeabi_ui2d
                0x000000000800055c                __floatsidf
                0x000000000800055c                __aeabi_i2d
                0x0000000008000580                __aeabi_f2d
                0x0000000008000580                __extendsfdf2
                0x00000000080005c4                __floatundidf
                0x00000000080005c4                __aeabi_ul2d
                0x00000000080005d4                __floatdidf
                0x00000000080005d4                __aeabi_l2d
 .text          0x0000000008000630      0x424 d:/tool/stm32cubeide_1.7.0/stm32/stm32cubeide_1.7.0/stm32cubeide/plugins/com.st.stm32cube.ide.mcu.externaltools.gnu-tools-for-stm32.9-2020-q2-update.win32_2.0.0.202105311346/tools/bin/../lib/gcc/arm-none-eabi/9.3.1/thumb/v7-m/nofp\libgcc.a(_arm_muldivdf3.o)
                0x0000000008000630                __aeabi_dmul
                0x0000000008000630                __muldf3
                0x0000000008000884                __divdf3
                0x0000000008000884                __aeabi_ddiv
 .text          0x0000000008000a54       0x50 d:/tool/stm32cubeide_1.7.0/stm32/stm32cubeide_1.7.0/stm32cubeide/plugins/com.st.stm32cube.ide.mcu.externaltools.gnu-tools-for-stm32.9-2020-q2-update.win32_2.0.0.202105311346/tools/bin/../lib/gcc/arm-none-eabi/9.3.1/thumb/v7-m/nofp\libgcc.a(_arm_fixdfsi.o)
                0x0000000008000a54                __aeabi_d2iz
                0x0000000008000a54                __fixdfsi
 .text          0x0000000008000aa4       0xa0 d:/tool/stm32cubeide_1.7.0/stm32/stm32cubeide_1.7.0/stm32cubeide/plugins/com.st.stm32cube.ide.mcu.externaltools.gnu-tools-for-stm32.9-2020-q2-update.win32_2.0.0.202105311346/tools/bin/../lib/gcc/arm-none-eabi/9.3.1/thumb/v7-m/nofp\libgcc.a(_arm_truncdfsf2.o)
                0x0000000008000aa4                __truncdfsf2
                0x0000000008000aa4                __aeabi_d2f
 .text          0x0000000008000b44       0x4c d:/tool/stm32cubeide_1.7.0/stm32/stm32cubeide_1.7.0/stm32cubeide/plugins/com.st.stm32cube.ide.mcu.externaltools.gnu-tools-for-stm32.9-2020-q2-update.win32_2.0.0.202105311346/tools/bin/../lib/gcc/arm-none-eabi/9.3.1/thumb/v7-m/nofp\libgcc.a(_arm_fixsfsi.o)
                0x0000000008000b44                __aeabi_f2iz
                0x0000000008000b44                __fixsfsi
 *(.text*)
 .text.Init     0x0000000008000b90       0x24 ./Core/Src/Device_Functions.o
                0x0000000008000b90                Init
 .text.BlinkLed
                0x0000000008000bb4       0x70 ./Core/Src/Device_Functions.o
                0x0000000008000bb4                BlinkLed
 .text.Display_Init
                0x0000000008000c24       0x3c ./Core/Src/Device_Functions.o
                0x0000000008000c24                Display_Init
 .text.Display_Led_Red1
                0x0000000008000c60       0x28 ./Core/Src/Device_Functions.o
                0x0000000008000c60                Display_Led_Red1
 .text.Display_Led_Green1
                0x0000000008000c88       0x28 ./Core/Src/Device_Functions.o
                0x0000000008000c88                Display_Led_Green1
 .text.Display_Led_Yellow1
                0x0000000008000cb0       0x28 ./Core/Src/Device_Functions.o
                0x0000000008000cb0                Display_Led_Yellow1
 .text.Display_Led_Red2
                0x0000000008000cd8       0x20 ./Core/Src/Device_Functions.o
                0x0000000008000cd8                Display_Led_Red2
 .text.Display_Led_Green2
                0x0000000008000cf8       0x20 ./Core/Src/Device_Functions.o
                0x0000000008000cf8                Display_Led_Green2
 .text.Display_Led_Yellow2
                0x0000000008000d18       0x20 ./Core/Src/Device_Functions.o
                0x0000000008000d18                Display_Led_Yellow2
 .text.Display_P_Led_Red1
                0x0000000008000d38       0x28 ./Core/Src/Device_Functions.o
                0x0000000008000d38                Display_P_Led_Red1
 .text.Display_P_Led_Green1
                0x0000000008000d60       0x28 ./Core/Src/Device_Functions.o
                0x0000000008000d60                Display_P_Led_Green1
 .text.Display_P_Led_Reset
                0x0000000008000d88       0x28 ./Core/Src/Device_Functions.o
                0x0000000008000d88                Display_P_Led_Reset
 .text.Buzzer   0x0000000008000db0       0x24 ./Core/Src/Device_Functions.o
                0x0000000008000db0                Buzzer
 .text.Buzzer_Off
                0x0000000008000dd4       0x18 ./Core/Src/Device_Functions.o
                0x0000000008000dd4                Buzzer_Off
 .text.uart_run
                0x0000000008000dec       0x64 ./Core/Src/Device_Functions.o
                0x0000000008000dec                uart_run
 .text.setBuzzerLength
                0x0000000008000e50       0x40 ./Core/Src/Software_timer.o
                0x0000000008000e50                setBuzzerLength
 .text.setTimerBuzzer
                0x0000000008000e90       0x38 ./Core/Src/Software_timer.o
                0x0000000008000e90                setTimerBuzzer
 .text.setTimerCol
                0x0000000008000ec8       0x38 ./Core/Src/Software_timer.o
                0x0000000008000ec8                setTimerCol
 .text.setTimer2
                0x0000000008000f00       0x38 ./Core/Src/Software_timer.o
                0x0000000008000f00                setTimer2
 .text.setTimer3
                0x0000000008000f38       0x38 ./Core/Src/Software_timer.o
                0x0000000008000f38                setTimer3
 .text.setTimerUart
                0x0000000008000f70       0x38 ./Core/Src/Software_timer.o
                0x0000000008000f70                setTimerUart
 .text.setTimerRow
                0x0000000008000fa8       0x38 ./Core/Src/Software_timer.o
                0x0000000008000fa8                setTimerRow
 .text.setTimer5
                0x0000000008000fe0       0x38 ./Core/Src/Software_timer.o
                0x0000000008000fe0                setTimer5
 .text.timerRun
                0x0000000008001018      0x160 ./Core/Src/Software_timer.o
                0x0000000008001018                timerRun
 .text.ReadButton
                0x0000000008001178       0x68 ./Core/Src/button.o
                0x0000000008001178                ReadButton
 .text.subKeyProcess
                0x00000000080011e0       0x20 ./Core/Src/button.o
                0x00000000080011e0                subKeyProcess
 .text.isButtonPressed
                0x0000000008001200       0x34 ./Core/Src/button.o
                0x0000000008001200                isButtonPressed
 .text.getKeyInput
                0x0000000008001234       0xf8 ./Core/Src/button.o
                0x0000000008001234                getKeyInput
 .text.press_ped_lag
                0x000000000800132c       0x28 ./Core/Src/fsm_automatic.o
                0x000000000800132c                press_ped_lag
 .text.reset_pad_led
                0x0000000008001354       0x20 ./Core/Src/fsm_automatic.o
                0x0000000008001354                reset_pad_led
 *fill*         0x0000000008001374        0x4 
 .text.fsm_automatic_run
                0x0000000008001378      0x348 ./Core/Src/fsm_automatic.o
                0x0000000008001378                fsm_automatic_run
 .text.fsm_manual_run
                0x00000000080016c0      0x108 ./Core/Src/fsm_manual.o
                0x00000000080016c0                fsm_manual_run
 .text.set_Time_Auto_Red
                0x00000000080017c8       0x1c ./Core/Src/global.o
                0x00000000080017c8                set_Time_Auto_Red
 .text.set_Time_Auto_Green
                0x00000000080017e4       0x1c ./Core/Src/global.o
                0x00000000080017e4                set_Time_Auto_Green
 .text.set_Time_Auto_Yellow
                0x0000000008001800       0x1c ./Core/Src/global.o
                0x0000000008001800                set_Time_Auto_Yellow
 .text.set_time_value
                0x000000000800181c       0x1c ./Core/Src/global.o
                0x000000000800181c                set_time_value
 .text.run_time_value
                0x0000000008001838       0x34 ./Core/Src/global.o
                0x0000000008001838                run_time_value
 .text.HAL_UART_RxCpltCallback
                0x000000000800186c       0x74 ./Core/Src/main.o
                0x000000000800186c                HAL_UART_RxCpltCallback
 .text.main     0x00000000080018e0       0x7c ./Core/Src/main.o
                0x00000000080018e0                main
 .text.SystemClock_Config
                0x000000000800195c       0x82 ./Core/Src/main.o
                0x000000000800195c                SystemClock_Config
 *fill*         0x00000000080019de        0x2 
 .text.MX_TIM2_Init
                0x00000000080019e0       0x98 ./Core/Src/main.o
 .text.MX_TIM3_Init
                0x0000000008001a78       0xec ./Core/Src/main.o
 .text.MX_USART2_UART_Init
                0x0000000008001b64       0x54 ./Core/Src/main.o
 .text.MX_GPIO_Init
                0x0000000008001bb8       0xdc ./Core/Src/main.o
 .text.HAL_TIM_PeriodElapsedCallback
                0x0000000008001c94       0x18 ./Core/Src/main.o
                0x0000000008001c94                HAL_TIM_PeriodElapsedCallback
 .text.Error_Handler
                0x0000000008001cac        0xa ./Core/Src/main.o
                0x0000000008001cac                Error_Handler
 *fill*         0x0000000008001cb6        0x2 
 .text.modification_mode
                0x0000000008001cb8      0x11c ./Core/Src/modification_mode.o
                0x0000000008001cb8                modification_mode
 .text.HAL_MspInit
                0x0000000008001dd4       0x64 ./Core/Src/stm32f1xx_hal_msp.o
                0x0000000008001dd4                HAL_MspInit
 .text.HAL_TIM_Base_MspInit
                0x0000000008001e38       0x70 ./Core/Src/stm32f1xx_hal_msp.o
                0x0000000008001e38                HAL_TIM_Base_MspInit
 .text.HAL_TIM_MspPostInit
                0x0000000008001ea8       0x64 ./Core/Src/stm32f1xx_hal_msp.o
                0x0000000008001ea8                HAL_TIM_MspPostInit
 .text.HAL_UART_MspInit
                0x0000000008001f0c       0xa4 ./Core/Src/stm32f1xx_hal_msp.o
                0x0000000008001f0c                HAL_UART_MspInit
 .text.NMI_Handler
                0x0000000008001fb0        0x6 ./Core/Src/stm32f1xx_it.o
                0x0000000008001fb0                NMI_Handler
 .text.HardFault_Handler
                0x0000000008001fb6        0x6 ./Core/Src/stm32f1xx_it.o
                0x0000000008001fb6                HardFault_Handler
 .text.MemManage_Handler
                0x0000000008001fbc        0x6 ./Core/Src/stm32f1xx_it.o
                0x0000000008001fbc                MemManage_Handler
 .text.BusFault_Handler
                0x0000000008001fc2        0x6 ./Core/Src/stm32f1xx_it.o
                0x0000000008001fc2                BusFault_Handler
 .text.UsageFault_Handler
                0x0000000008001fc8        0x6 ./Core/Src/stm32f1xx_it.o
                0x0000000008001fc8                UsageFault_Handler
 .text.SVC_Handler
                0x0000000008001fce        0xc ./Core/Src/stm32f1xx_it.o
                0x0000000008001fce                SVC_Handler
 .text.DebugMon_Handler
                0x0000000008001fda        0xc ./Core/Src/stm32f1xx_it.o
                0x0000000008001fda                DebugMon_Handler
 .text.PendSV_Handler
                0x0000000008001fe6        0xc ./Core/Src/stm32f1xx_it.o
                0x0000000008001fe6                PendSV_Handler
 .text.SysTick_Handler
                0x0000000008001ff2        0xc ./Core/Src/stm32f1xx_it.o
                0x0000000008001ff2                SysTick_Handler
 *fill*         0x0000000008001ffe        0x2 
 .text.TIM2_IRQHandler
                0x0000000008002000       0x14 ./Core/Src/stm32f1xx_it.o
                0x0000000008002000                TIM2_IRQHandler
 .text.USART2_IRQHandler
                0x0000000008002014       0x14 ./Core/Src/stm32f1xx_it.o
                0x0000000008002014                USART2_IRQHandler
 .text._sbrk    0x0000000008002028       0x6c ./Core/Src/sysmem.o
                0x0000000008002028                _sbrk
 .text.SystemInit
                0x0000000008002094        0xc ./Core/Src/system_stm32f1xx.o
                0x0000000008002094                SystemInit
 .text.Reset_Handler
                0x00000000080020a0       0x48 ./Core/Startup/startup_stm32f103rbtx.o
                0x00000000080020a0                Reset_Handler
 .text.Default_Handler
                0x00000000080020e8        0x2 ./Core/Startup/startup_stm32f103rbtx.o
                0x00000000080020e8                RTC_Alarm_IRQHandler
                0x00000000080020e8                EXTI2_IRQHandler
                0x00000000080020e8                TIM1_CC_IRQHandler
                0x00000000080020e8                PVD_IRQHandler
                0x00000000080020e8                EXTI3_IRQHandler
                0x00000000080020e8                EXTI0_IRQHandler
                0x00000000080020e8                I2C2_EV_IRQHandler
                0x00000000080020e8                ADC1_2_IRQHandler
                0x00000000080020e8                SPI1_IRQHandler
                0x00000000080020e8                TAMPER_IRQHandler
                0x00000000080020e8                DMA1_Channel4_IRQHandler
                0x00000000080020e8                USART3_IRQHandler
                0x00000000080020e8                RTC_IRQHandler
                0x00000000080020e8                DMA1_Channel7_IRQHandler
                0x00000000080020e8                CAN1_RX1_IRQHandler
                0x00000000080020e8                TIM4_IRQHandler
                0x00000000080020e8                I2C1_EV_IRQHandler
                0x00000000080020e8                DMA1_Channel6_IRQHandler
                0x00000000080020e8                TIM3_IRQHandler
                0x00000000080020e8                RCC_IRQHandler
                0x00000000080020e8                TIM1_TRG_COM_IRQHandler
                0x00000000080020e8                DMA1_Channel1_IRQHandler
                0x00000000080020e8                Default_Handler
                0x00000000080020e8                EXTI15_10_IRQHandler
                0x00000000080020e8                EXTI9_5_IRQHandler
                0x00000000080020e8                SPI2_IRQHandler
                0x00000000080020e8                DMA1_Channel5_IRQHandler
                0x00000000080020e8                EXTI4_IRQHandler
                0x00000000080020e8                USB_LP_CAN1_RX0_IRQHandler
                0x00000000080020e8                USB_HP_CAN1_TX_IRQHandler
                0x00000000080020e8                DMA1_Channel3_IRQHandler
                0x00000000080020e8                TIM1_UP_IRQHandler
                0x00000000080020e8                WWDG_IRQHandler
                0x00000000080020e8                TIM1_BRK_IRQHandler
                0x00000000080020e8                EXTI1_IRQHandler
                0x00000000080020e8                I2C2_ER_IRQHandler
                0x00000000080020e8                DMA1_Channel2_IRQHandler
                0x00000000080020e8                CAN1_SCE_IRQHandler
                0x00000000080020e8                FLASH_IRQHandler
                0x00000000080020e8                USART1_IRQHandler
                0x00000000080020e8                I2C1_ER_IRQHandler
                0x00000000080020e8                USBWakeUp_IRQHandler
 *fill*         0x00000000080020ea        0x2 
 .text.HAL_Init
                0x00000000080020ec       0x2c ./Drivers/STM32F1xx_HAL_Driver/Src/stm32f1xx_hal.o
                0x00000000080020ec                HAL_Init
 .text.HAL_InitTick
                0x0000000008002118       0x60 ./Drivers/STM32F1xx_HAL_Driver/Src/stm32f1xx_hal.o
                0x0000000008002118                HAL_InitTick
 .text.HAL_IncTick
                0x0000000008002178       0x24 ./Drivers/STM32F1xx_HAL_Driver/Src/stm32f1xx_hal.o
                0x0000000008002178                HAL_IncTick
 .text.HAL_GetTick
                0x000000000800219c       0x14 ./Drivers/STM32F1xx_HAL_Driver/Src/stm32f1xx_hal.o
                0x000000000800219c                HAL_GetTick
 .text.__NVIC_SetPriorityGrouping
                0x00000000080021b0       0x48 ./Drivers/STM32F1xx_HAL_Driver/Src/stm32f1xx_hal_cortex.o
 .text.__NVIC_GetPriorityGrouping
                0x00000000080021f8       0x1c ./Drivers/STM32F1xx_HAL_Driver/Src/stm32f1xx_hal_cortex.o
 .text.__NVIC_EnableIRQ
                0x0000000008002214       0x38 ./Drivers/STM32F1xx_HAL_Driver/Src/stm32f1xx_hal_cortex.o
 .text.__NVIC_SetPriority
                0x000000000800224c       0x54 ./Drivers/STM32F1xx_HAL_Driver/Src/stm32f1xx_hal_cortex.o
 .text.NVIC_EncodePriority
                0x00000000080022a0       0x64 ./Drivers/STM32F1xx_HAL_Driver/Src/stm32f1xx_hal_cortex.o
 .text.SysTick_Config
                0x0000000008002304       0x44 ./Drivers/STM32F1xx_HAL_Driver/Src/stm32f1xx_hal_cortex.o
 .text.HAL_NVIC_SetPriorityGrouping
                0x0000000008002348       0x16 ./Drivers/STM32F1xx_HAL_Driver/Src/stm32f1xx_hal_cortex.o
                0x0000000008002348                HAL_NVIC_SetPriorityGrouping
 .text.HAL_NVIC_SetPriority
                0x000000000800235e       0x38 ./Drivers/STM32F1xx_HAL_Driver/Src/stm32f1xx_hal_cortex.o
                0x000000000800235e                HAL_NVIC_SetPriority
 .text.HAL_NVIC_EnableIRQ
                0x0000000008002396       0x1c ./Drivers/STM32F1xx_HAL_Driver/Src/stm32f1xx_hal_cortex.o
                0x0000000008002396                HAL_NVIC_EnableIRQ
 .text.HAL_SYSTICK_Config
                0x00000000080023b2       0x18 ./Drivers/STM32F1xx_HAL_Driver/Src/stm32f1xx_hal_cortex.o
                0x00000000080023b2                HAL_SYSTICK_Config
 .text.HAL_DMA_Abort
                0x00000000080023ca       0x74 ./Drivers/STM32F1xx_HAL_Driver/Src/stm32f1xx_hal_dma.o
                0x00000000080023ca                HAL_DMA_Abort
 *fill*         0x000000000800243e        0x2 
 .text.HAL_DMA_Abort_IT
                0x0000000008002440       0xec ./Drivers/STM32F1xx_HAL_Driver/Src/stm32f1xx_hal_dma.o
                0x0000000008002440                HAL_DMA_Abort_IT
 .text.HAL_GPIO_Init
                0x000000000800252c      0x308 ./Drivers/STM32F1xx_HAL_Driver/Src/stm32f1xx_hal_gpio.o
                0x000000000800252c                HAL_GPIO_Init
 .text.HAL_GPIO_ReadPin
                0x0000000008002834       0x2e ./Drivers/STM32F1xx_HAL_Driver/Src/stm32f1xx_hal_gpio.o
                0x0000000008002834                HAL_GPIO_ReadPin
 .text.HAL_GPIO_WritePin
                0x0000000008002862       0x30 ./Drivers/STM32F1xx_HAL_Driver/Src/stm32f1xx_hal_gpio.o
                0x0000000008002862                HAL_GPIO_WritePin
 *fill*         0x0000000008002892        0x2 
 .text.HAL_RCC_OscConfig
                0x0000000008002894      0x500 ./Drivers/STM32F1xx_HAL_Driver/Src/stm32f1xx_hal_rcc.o
                0x0000000008002894                HAL_RCC_OscConfig
 .text.HAL_RCC_ClockConfig
                0x0000000008002d94      0x1d4 ./Drivers/STM32F1xx_HAL_Driver/Src/stm32f1xx_hal_rcc.o
                0x0000000008002d94                HAL_RCC_ClockConfig
 .text.HAL_RCC_GetSysClockFreq
                0x0000000008002f68       0xc0 ./Drivers/STM32F1xx_HAL_Driver/Src/stm32f1xx_hal_rcc.o
                0x0000000008002f68                HAL_RCC_GetSysClockFreq
 .text.HAL_RCC_GetHCLKFreq
                0x0000000008003028       0x14 ./Drivers/STM32F1xx_HAL_Driver/Src/stm32f1xx_hal_rcc.o
                0x0000000008003028                HAL_RCC_GetHCLKFreq
 .text.HAL_RCC_GetPCLK1Freq
                0x000000000800303c       0x28 ./Drivers/STM32F1xx_HAL_Driver/Src/stm32f1xx_hal_rcc.o
                0x000000000800303c                HAL_RCC_GetPCLK1Freq
 .text.HAL_RCC_GetPCLK2Freq
                0x0000000008003064       0x28 ./Drivers/STM32F1xx_HAL_Driver/Src/stm32f1xx_hal_rcc.o
                0x0000000008003064                HAL_RCC_GetPCLK2Freq
 .text.RCC_Delay
                0x000000000800308c       0x3c ./Drivers/STM32F1xx_HAL_Driver/Src/stm32f1xx_hal_rcc.o
 .text.HAL_TIM_Base_Init
                0x00000000080030c8       0x9e ./Drivers/STM32F1xx_HAL_Driver/Src/stm32f1xx_hal_tim.o
                0x00000000080030c8                HAL_TIM_Base_Init
 *fill*         0x0000000008003166        0x2 
 .text.HAL_TIM_Base_Start_IT
                0x0000000008003168       0xa4 ./Drivers/STM32F1xx_HAL_Driver/Src/stm32f1xx_hal_tim.o
                0x0000000008003168                HAL_TIM_Base_Start_IT
 .text.HAL_TIM_PWM_Init
                0x000000000800320c       0x9e ./Drivers/STM32F1xx_HAL_Driver/Src/stm32f1xx_hal_tim.o
                0x000000000800320c                HAL_TIM_PWM_Init
 .text.HAL_TIM_PWM_MspInit
                0x00000000080032aa       0x12 ./Drivers/STM32F1xx_HAL_Driver/Src/stm32f1xx_hal_tim.o
                0x00000000080032aa                HAL_TIM_PWM_MspInit
 .text.HAL_TIM_PWM_Start
                0x00000000080032bc      0x144 ./Drivers/STM32F1xx_HAL_Driver/Src/stm32f1xx_hal_tim.o
                0x00000000080032bc                HAL_TIM_PWM_Start
 .text.HAL_TIM_IRQHandler
                0x0000000008003400      0x210 ./Drivers/STM32F1xx_HAL_Driver/Src/stm32f1xx_hal_tim.o
                0x0000000008003400                HAL_TIM_IRQHandler
 .text.HAL_TIM_PWM_ConfigChannel
                0x0000000008003610      0x17c ./Drivers/STM32F1xx_HAL_Driver/Src/stm32f1xx_hal_tim.o
                0x0000000008003610                HAL_TIM_PWM_ConfigChannel
 .text.HAL_TIM_ConfigClockSource
                0x000000000800378c      0x188 ./Drivers/STM32F1xx_HAL_Driver/Src/stm32f1xx_hal_tim.o
                0x000000000800378c                HAL_TIM_ConfigClockSource
 .text.HAL_TIM_OC_DelayElapsedCallback
                0x0000000008003914       0x12 ./Drivers/STM32F1xx_HAL_Driver/Src/stm32f1xx_hal_tim.o
                0x0000000008003914                HAL_TIM_OC_DelayElapsedCallback
 .text.HAL_TIM_IC_CaptureCallback
                0x0000000008003926       0x12 ./Drivers/STM32F1xx_HAL_Driver/Src/stm32f1xx_hal_tim.o
                0x0000000008003926                HAL_TIM_IC_CaptureCallback
 .text.HAL_TIM_PWM_PulseFinishedCallback
                0x0000000008003938       0x12 ./Drivers/STM32F1xx_HAL_Driver/Src/stm32f1xx_hal_tim.o
                0x0000000008003938                HAL_TIM_PWM_PulseFinishedCallback
 .text.HAL_TIM_TriggerCallback
                0x000000000800394a       0x12 ./Drivers/STM32F1xx_HAL_Driver/Src/stm32f1xx_hal_tim.o
                0x000000000800394a                HAL_TIM_TriggerCallback
 .text.TIM_Base_SetConfig
                0x000000000800395c       0xc4 ./Drivers/STM32F1xx_HAL_Driver/Src/stm32f1xx_hal_tim.o
                0x000000000800395c                TIM_Base_SetConfig
 .text.TIM_OC1_SetConfig
                0x0000000008003a20       0xcc ./Drivers/STM32F1xx_HAL_Driver/Src/stm32f1xx_hal_tim.o
 .text.TIM_OC2_SetConfig
                0x0000000008003aec       0xd4 ./Drivers/STM32F1xx_HAL_Driver/Src/stm32f1xx_hal_tim.o
                0x0000000008003aec                TIM_OC2_SetConfig
 .text.TIM_OC3_SetConfig
                0x0000000008003bc0       0xd4 ./Drivers/STM32F1xx_HAL_Driver/Src/stm32f1xx_hal_tim.o
 .text.TIM_OC4_SetConfig
                0x0000000008003c94       0x9c ./Drivers/STM32F1xx_HAL_Driver/Src/stm32f1xx_hal_tim.o
 .text.TIM_TI1_ConfigInputStage
                0x0000000008003d30       0x5c ./Drivers/STM32F1xx_HAL_Driver/Src/stm32f1xx_hal_tim.o
 .text.TIM_TI2_ConfigInputStage
                0x0000000008003d8c       0x5e ./Drivers/STM32F1xx_HAL_Driver/Src/stm32f1xx_hal_tim.o
 .text.TIM_ITRx_SetConfig
                0x0000000008003dea       0x34 ./Drivers/STM32F1xx_HAL_Driver/Src/stm32f1xx_hal_tim.o
 .text.TIM_ETR_SetConfig
                0x0000000008003e1e       0x3e ./Drivers/STM32F1xx_HAL_Driver/Src/stm32f1xx_hal_tim.o
                0x0000000008003e1e                TIM_ETR_SetConfig
 .text.TIM_CCxChannelCmd
                0x0000000008003e5c       0x48 ./Drivers/STM32F1xx_HAL_Driver/Src/stm32f1xx_hal_tim.o
                0x0000000008003e5c                TIM_CCxChannelCmd
 .text.HAL_TIMEx_MasterConfigSynchronization
                0x0000000008003ea4       0xbc ./Drivers/STM32F1xx_HAL_Driver/Src/stm32f1xx_hal_tim_ex.o
                0x0000000008003ea4                HAL_TIMEx_MasterConfigSynchronization
 .text.HAL_TIMEx_CommutCallback
                0x0000000008003f60       0x12 ./Drivers/STM32F1xx_HAL_Driver/Src/stm32f1xx_hal_tim_ex.o
                0x0000000008003f60                HAL_TIMEx_CommutCallback
 .text.HAL_TIMEx_BreakCallback
                0x0000000008003f72       0x12 ./Drivers/STM32F1xx_HAL_Driver/Src/stm32f1xx_hal_tim_ex.o
                0x0000000008003f72                HAL_TIMEx_BreakCallback
 .text.HAL_UART_Init
                0x0000000008003f84       0x9a ./Drivers/STM32F1xx_HAL_Driver/Src/stm32f1xx_hal_uart.o
                0x0000000008003f84                HAL_UART_Init
 .text.HAL_UART_Transmit
                0x000000000800401e      0x124 ./Drivers/STM32F1xx_HAL_Driver/Src/stm32f1xx_hal_uart.o
                0x000000000800401e                HAL_UART_Transmit
 .text.HAL_UART_Receive_IT
                0x0000000008004142       0x60 ./Drivers/STM32F1xx_HAL_Driver/Src/stm32f1xx_hal_uart.o
                0x0000000008004142                HAL_UART_Receive_IT
 *fill*         0x00000000080041a2        0x2 
 .text.HAL_UART_IRQHandler
                0x00000000080041a4      0x354 ./Drivers/STM32F1xx_HAL_Driver/Src/stm32f1xx_hal_uart.o
                0x00000000080041a4                HAL_UART_IRQHandler
 .text.HAL_UART_TxCpltCallback
                0x00000000080044f8       0x12 ./Drivers/STM32F1xx_HAL_Driver/Src/stm32f1xx_hal_uart.o
                0x00000000080044f8                HAL_UART_TxCpltCallback
 .text.HAL_UART_ErrorCallback
                0x000000000800450a       0x12 ./Drivers/STM32F1xx_HAL_Driver/Src/stm32f1xx_hal_uart.o
                0x000000000800450a                HAL_UART_ErrorCallback
 .text.HAL_UARTEx_RxEventCallback
                0x000000000800451c       0x16 ./Drivers/STM32F1xx_HAL_Driver/Src/stm32f1xx_hal_uart.o
                0x000000000800451c                HAL_UARTEx_RxEventCallback
 .text.UART_WaitOnFlagUntilTimeout
                0x0000000008004532       0x94 ./Drivers/STM32F1xx_HAL_Driver/Src/stm32f1xx_hal_uart.o
 .text.UART_Start_Receive_IT
                0x00000000080045c6       0x72 ./Drivers/STM32F1xx_HAL_Driver/Src/stm32f1xx_hal_uart.o
                0x00000000080045c6                UART_Start_Receive_IT
 .text.UART_EndRxTransfer
                0x0000000008004638       0x58 ./Drivers/STM32F1xx_HAL_Driver/Src/stm32f1xx_hal_uart.o
 .text.UART_DMAAbortOnError
                0x0000000008004690       0x28 ./Drivers/STM32F1xx_HAL_Driver/Src/stm32f1xx_hal_uart.o
 .text.UART_Transmit_IT
                0x00000000080046b8       0x9e ./Drivers/STM32F1xx_HAL_Driver/Src/stm32f1xx_hal_uart.o
 .text.UART_EndTransmit_IT
                0x0000000008004756       0x30 ./Drivers/STM32F1xx_HAL_Driver/Src/stm32f1xx_hal_uart.o
 .text.UART_Receive_IT
                0x0000000008004786      0x152 ./Drivers/STM32F1xx_HAL_Driver/Src/stm32f1xx_hal_uart.o
 .text.UART_SetConfig
                0x00000000080048d8      0x11c ./Drivers/STM32F1xx_HAL_Driver/Src/stm32f1xx_hal_uart.o
 .text.__errno  0x00000000080049f4        0xc d:/tool/stm32cubeide_1.7.0/stm32/stm32cubeide_1.7.0/stm32cubeide/plugins/com.st.stm32cube.ide.mcu.externaltools.gnu-tools-for-stm32.9-2020-q2-update.win32_2.0.0.202105311346/tools/bin/../lib/gcc/arm-none-eabi/9.3.1/../../../../arm-none-eabi/lib/thumb/v7-m/nofp\libc_nano.a(lib_a-errno.o)
                0x00000000080049f4                __errno
 .text.__libc_init_array
                0x0000000008004a00       0x48 d:/tool/stm32cubeide_1.7.0/stm32/stm32cubeide_1.7.0/stm32cubeide/plugins/com.st.stm32cube.ide.mcu.externaltools.gnu-tools-for-stm32.9-2020-q2-update.win32_2.0.0.202105311346/tools/bin/../lib/gcc/arm-none-eabi/9.3.1/../../../../arm-none-eabi/lib/thumb/v7-m/nofp\libc_nano.a(lib_a-init.o)
                0x0000000008004a00                __libc_init_array
 .text.memset   0x0000000008004a48       0x10 d:/tool/stm32cubeide_1.7.0/stm32/stm32cubeide_1.7.0/stm32cubeide/plugins/com.st.stm32cube.ide.mcu.externaltools.gnu-tools-for-stm32.9-2020-q2-update.win32_2.0.0.202105311346/tools/bin/../lib/gcc/arm-none-eabi/9.3.1/../../../../arm-none-eabi/lib/thumb/v7-m/nofp\libc_nano.a(lib_a-memset.o)
                0x0000000008004a48                memset
 .text.sprintf  0x0000000008004a58       0x40 d:/tool/stm32cubeide_1.7.0/stm32/stm32cubeide_1.7.0/stm32cubeide/plugins/com.st.stm32cube.ide.mcu.externaltools.gnu-tools-for-stm32.9-2020-q2-update.win32_2.0.0.202105311346/tools/bin/../lib/gcc/arm-none-eabi/9.3.1/../../../../arm-none-eabi/lib/thumb/v7-m/nofp\libc_nano.a(lib_a-sprintf.o)
                0x0000000008004a58                siprintf
                0x0000000008004a58                sprintf
 .text.__ssputs_r
                0x0000000008004a98       0xb6 d:/tool/stm32cubeide_1.7.0/stm32/stm32cubeide_1.7.0/stm32cubeide/plugins/com.st.stm32cube.ide.mcu.externaltools.gnu-tools-for-stm32.9-2020-q2-update.win32_2.0.0.202105311346/tools/bin/../lib/gcc/arm-none-eabi/9.3.1/../../../../arm-none-eabi/lib/thumb/v7-m/nofp\libc_nano.a(lib_a-nano-svfprintf.o)
                0x0000000008004a98                __ssputs_r
 *fill*         0x0000000008004b4e        0x2 
 .text._svfprintf_r
                0x0000000008004b50      0x200 d:/tool/stm32cubeide_1.7.0/stm32/stm32cubeide_1.7.0/stm32cubeide/plugins/com.st.stm32cube.ide.mcu.externaltools.gnu-tools-for-stm32.9-2020-q2-update.win32_2.0.0.202105311346/tools/bin/../lib/gcc/arm-none-eabi/9.3.1/../../../../arm-none-eabi/lib/thumb/v7-m/nofp\libc_nano.a(lib_a-nano-svfprintf.o)
                0x0000000008004b50                _svfiprintf_r
                0x0000000008004b50                _svfprintf_r
 .text._printf_common
                0x0000000008004d50       0xde d:/tool/stm32cubeide_1.7.0/stm32/stm32cubeide_1.7.0/stm32cubeide/plugins/com.st.stm32cube.ide.mcu.externaltools.gnu-tools-for-stm32.9-2020-q2-update.win32_2.0.0.202105311346/tools/bin/../lib/gcc/arm-none-eabi/9.3.1/../../../../arm-none-eabi/lib/thumb/v7-m/nofp\libc_nano.a(lib_a-nano-vfprintf_i.o)
                0x0000000008004d50                _printf_common
 *fill*         0x0000000008004e2e        0x2 
 .text._printf_i
                0x0000000008004e30      0x24c d:/tool/stm32cubeide_1.7.0/stm32/stm32cubeide_1.7.0/stm32cubeide/plugins/com.st.stm32cube.ide.mcu.externaltools.gnu-tools-for-stm32.9-2020-q2-update.win32_2.0.0.202105311346/tools/bin/../lib/gcc/arm-none-eabi/9.3.1/../../../../arm-none-eabi/lib/thumb/v7-m/nofp\libc_nano.a(lib_a-nano-vfprintf_i.o)
                0x0000000008004e30                _printf_i
 .text.memchr   0x000000000800507c       0x1c d:/tool/stm32cubeide_1.7.0/stm32/stm32cubeide_1.7.0/stm32cubeide/plugins/com.st.stm32cube.ide.mcu.externaltools.gnu-tools-for-stm32.9-2020-q2-update.win32_2.0.0.202105311346/tools/bin/../lib/gcc/arm-none-eabi/9.3.1/../../../../arm-none-eabi/lib/thumb/v7-m/nofp\libc_nano.a(lib_a-memchr-stub.o)
                0x000000000800507c                memchr
 .text.memcpy   0x0000000008005098       0x1c d:/tool/stm32cubeide_1.7.0/stm32/stm32cubeide_1.7.0/stm32cubeide/plugins/com.st.stm32cube.ide.mcu.externaltools.gnu-tools-for-stm32.9-2020-q2-update.win32_2.0.0.202105311346/tools/bin/../lib/gcc/arm-none-eabi/9.3.1/../../../../arm-none-eabi/lib/thumb/v7-m/nofp\libc_nano.a(lib_a-memcpy-stub.o)
                0x0000000008005098                memcpy
 .text.memmove  0x00000000080050b4       0x34 d:/tool/stm32cubeide_1.7.0/stm32/stm32cubeide_1.7.0/stm32cubeide/plugins/com.st.stm32cube.ide.mcu.externaltools.gnu-tools-for-stm32.9-2020-q2-update.win32_2.0.0.202105311346/tools/bin/../lib/gcc/arm-none-eabi/9.3.1/../../../../arm-none-eabi/lib/thumb/v7-m/nofp\libc_nano.a(lib_a-memmove.o)
                0x00000000080050b4                memmove
 .text._free_r  0x00000000080050e8       0x98 d:/tool/stm32cubeide_1.7.0/stm32/stm32cubeide_1.7.0/stm32cubeide/plugins/com.st.stm32cube.ide.mcu.externaltools.gnu-tools-for-stm32.9-2020-q2-update.win32_2.0.0.202105311346/tools/bin/../lib/gcc/arm-none-eabi/9.3.1/../../../../arm-none-eabi/lib/thumb/v7-m/nofp\libc_nano.a(lib_a-nano-freer.o)
                0x00000000080050e8                _free_r
 .text._malloc_r
                0x0000000008005180       0xb4 d:/tool/stm32cubeide_1.7.0/stm32/stm32cubeide_1.7.0/stm32cubeide/plugins/com.st.stm32cube.ide.mcu.externaltools.gnu-tools-for-stm32.9-2020-q2-update.win32_2.0.0.202105311346/tools/bin/../lib/gcc/arm-none-eabi/9.3.1/../../../../arm-none-eabi/lib/thumb/v7-m/nofp\libc_nano.a(lib_a-nano-mallocr.o)
                0x0000000008005180                _malloc_r
 .text._realloc_r
                0x0000000008005234       0x4c d:/tool/stm32cubeide_1.7.0/stm32/stm32cubeide_1.7.0/stm32cubeide/plugins/com.st.stm32cube.ide.mcu.externaltools.gnu-tools-for-stm32.9-2020-q2-update.win32_2.0.0.202105311346/tools/bin/../lib/gcc/arm-none-eabi/9.3.1/../../../../arm-none-eabi/lib/thumb/v7-m/nofp\libc_nano.a(lib_a-nano-reallocr.o)
                0x0000000008005234                _realloc_r
 .text._sbrk_r  0x0000000008005280       0x20 d:/tool/stm32cubeide_1.7.0/stm32/stm32cubeide_1.7.0/stm32cubeide/plugins/com.st.stm32cube.ide.mcu.externaltools.gnu-tools-for-stm32.9-2020-q2-update.win32_2.0.0.202105311346/tools/bin/../lib/gcc/arm-none-eabi/9.3.1/../../../../arm-none-eabi/lib/thumb/v7-m/nofp\libc_nano.a(lib_a-sbrkr.o)
                0x0000000008005280                _sbrk_r
 .text.__malloc_lock
                0x00000000080052a0        0xc d:/tool/stm32cubeide_1.7.0/stm32/stm32cubeide_1.7.0/stm32cubeide/plugins/com.st.stm32cube.ide.mcu.externaltools.gnu-tools-for-stm32.9-2020-q2-update.win32_2.0.0.202105311346/tools/bin/../lib/gcc/arm-none-eabi/9.3.1/../../../../arm-none-eabi/lib/thumb/v7-m/nofp\libc_nano.a(lib_a-mlock.o)
                0x00000000080052a0                __malloc_lock
 .text.__malloc_unlock
                0x00000000080052ac        0xc d:/tool/stm32cubeide_1.7.0/stm32/stm32cubeide_1.7.0/stm32cubeide/plugins/com.st.stm32cube.ide.mcu.externaltools.gnu-tools-for-stm32.9-2020-q2-update.win32_2.0.0.202105311346/tools/bin/../lib/gcc/arm-none-eabi/9.3.1/../../../../arm-none-eabi/lib/thumb/v7-m/nofp\libc_nano.a(lib_a-mlock.o)
                0x00000000080052ac                __malloc_unlock
 .text._malloc_usable_size_r
                0x00000000080052b8       0x10 d:/tool/stm32cubeide_1.7.0/stm32/stm32cubeide_1.7.0/stm32cubeide/plugins/com.st.stm32cube.ide.mcu.externaltools.gnu-tools-for-stm32.9-2020-q2-update.win32_2.0.0.202105311346/tools/bin/../lib/gcc/arm-none-eabi/9.3.1/../../../../arm-none-eabi/lib/thumb/v7-m/nofp\libc_nano.a(lib_a-nano-msizer.o)
                0x00000000080052b8                _malloc_usable_size_r
 .text.__retarget_lock_acquire_recursive
                0x00000000080052c8        0x2 d:/tool/stm32cubeide_1.7.0/stm32/stm32cubeide_1.7.0/stm32cubeide/plugins/com.st.stm32cube.ide.mcu.externaltools.gnu-tools-for-stm32.9-2020-q2-update.win32_2.0.0.202105311346/tools/bin/../lib/gcc/arm-none-eabi/9.3.1/../../../../arm-none-eabi/lib/thumb/v7-m/nofp\libc_nano.a(lib_a-lock.o)
                0x00000000080052c8                __retarget_lock_acquire_recursive
 .text.__retarget_lock_release_recursive
                0x00000000080052ca        0x2 d:/tool/stm32cubeide_1.7.0/stm32/stm32cubeide_1.7.0/stm32cubeide/plugins/com.st.stm32cube.ide.mcu.externaltools.gnu-tools-for-stm32.9-2020-q2-update.win32_2.0.0.202105311346/tools/bin/../lib/gcc/arm-none-eabi/9.3.1/../../../../arm-none-eabi/lib/thumb/v7-m/nofp\libc_nano.a(lib_a-lock.o)
                0x00000000080052ca                __retarget_lock_release_recursive
 *(.glue_7)
 .glue_7        0x00000000080052cc        0x0 linker stubs
 *(.glue_7t)
 .glue_7t       0x00000000080052cc        0x0 linker stubs
 *(.eh_frame)
 .eh_frame      0x00000000080052cc        0x0 d:/tool/stm32cubeide_1.7.0/stm32/stm32cubeide_1.7.0/stm32cubeide/plugins/com.st.stm32cube.ide.mcu.externaltools.gnu-tools-for-stm32.9-2020-q2-update.win32_2.0.0.202105311346/tools/bin/../lib/gcc/arm-none-eabi/9.3.1/thumb/v7-m/nofp/crtbegin.o
 *(.init)
 .init          0x00000000080052cc        0x4 d:/tool/stm32cubeide_1.7.0/stm32/stm32cubeide_1.7.0/stm32cubeide/plugins/com.st.stm32cube.ide.mcu.externaltools.gnu-tools-for-stm32.9-2020-q2-update.win32_2.0.0.202105311346/tools/bin/../lib/gcc/arm-none-eabi/9.3.1/thumb/v7-m/nofp/crti.o
                0x00000000080052cc                _init
 .init          0x00000000080052d0        0x8 d:/tool/stm32cubeide_1.7.0/stm32/stm32cubeide_1.7.0/stm32cubeide/plugins/com.st.stm32cube.ide.mcu.externaltools.gnu-tools-for-stm32.9-2020-q2-update.win32_2.0.0.202105311346/tools/bin/../lib/gcc/arm-none-eabi/9.3.1/thumb/v7-m/nofp/crtn.o
 *(.fini)
 .fini          0x00000000080052d8        0x4 d:/tool/stm32cubeide_1.7.0/stm32/stm32cubeide_1.7.0/stm32cubeide/plugins/com.st.stm32cube.ide.mcu.externaltools.gnu-tools-for-stm32.9-2020-q2-update.win32_2.0.0.202105311346/tools/bin/../lib/gcc/arm-none-eabi/9.3.1/thumb/v7-m/nofp/crti.o
                0x00000000080052d8                _fini
 .fini          0x00000000080052dc        0x8 d:/tool/stm32cubeide_1.7.0/stm32/stm32cubeide_1.7.0/stm32cubeide/plugins/com.st.stm32cube.ide.mcu.externaltools.gnu-tools-for-stm32.9-2020-q2-update.win32_2.0.0.202105311346/tools/bin/../lib/gcc/arm-none-eabi/9.3.1/thumb/v7-m/nofp/crtn.o
                0x00000000080052e4                . = ALIGN (0x4)
                0x00000000080052e4                _etext = .

.vfp11_veneer   0x00000000080052e4        0x0
 .vfp11_veneer  0x00000000080052e4        0x0 linker stubs

.v4_bx          0x00000000080052e4        0x0
 .v4_bx         0x00000000080052e4        0x0 linker stubs

.iplt           0x00000000080052e4        0x0
 .iplt          0x00000000080052e4        0x0 d:/tool/stm32cubeide_1.7.0/stm32/stm32cubeide_1.7.0/stm32cubeide/plugins/com.st.stm32cube.ide.mcu.externaltools.gnu-tools-for-stm32.9-2020-q2-update.win32_2.0.0.202105311346/tools/bin/../lib/gcc/arm-none-eabi/9.3.1/thumb/v7-m/nofp/crtbegin.o

.rodata         0x00000000080052e4       0x68
                0x00000000080052e4                . = ALIGN (0x4)
 *(.rodata)
 .rodata        0x00000000080052e4        0xc ./Core/Src/Device_Functions.o
 .rodata        0x00000000080052f0       0x10 ./Drivers/STM32F1xx_HAL_Driver/Src/stm32f1xx_hal_rcc.o
 *(.rodata*)
 .rodata.AHBPrescTable
                0x0000000008005300       0x10 ./Core/Src/system_stm32f1xx.o
                0x0000000008005300                AHBPrescTable
 .rodata.APBPrescTable
                0x0000000008005310        0x8 ./Core/Src/system_stm32f1xx.o
                0x0000000008005310                APBPrescTable
 .rodata._svfprintf_r.str1.1
                0x0000000008005318       0x11 d:/tool/stm32cubeide_1.7.0/stm32/stm32cubeide_1.7.0/stm32cubeide/plugins/com.st.stm32cube.ide.mcu.externaltools.gnu-tools-for-stm32.9-2020-q2-update.win32_2.0.0.202105311346/tools/bin/../lib/gcc/arm-none-eabi/9.3.1/../../../../arm-none-eabi/lib/thumb/v7-m/nofp\libc_nano.a(lib_a-nano-svfprintf.o)
 .rodata._printf_i.str1.1
                0x0000000008005329       0x22 d:/tool/stm32cubeide_1.7.0/stm32/stm32cubeide_1.7.0/stm32cubeide/plugins/com.st.stm32cube.ide.mcu.externaltools.gnu-tools-for-stm32.9-2020-q2-update.win32_2.0.0.202105311346/tools/bin/../lib/gcc/arm-none-eabi/9.3.1/../../../../arm-none-eabi/lib/thumb/v7-m/nofp\libc_nano.a(lib_a-nano-vfprintf_i.o)
                0x000000000800534c                . = ALIGN (0x4)
 *fill*         0x000000000800534b        0x1 

.rel.dyn        0x000000000800534c        0x0
 .rel.iplt      0x000000000800534c        0x0 d:/tool/stm32cubeide_1.7.0/stm32/stm32cubeide_1.7.0/stm32cubeide/plugins/com.st.stm32cube.ide.mcu.externaltools.gnu-tools-for-stm32.9-2020-q2-update.win32_2.0.0.202105311346/tools/bin/../lib/gcc/arm-none-eabi/9.3.1/thumb/v7-m/nofp/crtbegin.o

.ARM.extab      0x000000000800534c        0x0
                0x000000000800534c                . = ALIGN (0x4)
 *(.ARM.extab* .gnu.linkonce.armextab.*)
                0x000000000800534c                . = ALIGN (0x4)

.ARM            0x000000000800534c        0x0
                0x000000000800534c                . = ALIGN (0x4)
                0x000000000800534c                __exidx_start = .
 *(.ARM.exidx*)
                0x000000000800534c                __exidx_end = .
                0x000000000800534c                . = ALIGN (0x4)

.preinit_array  0x000000000800534c        0x0
                0x000000000800534c                . = ALIGN (0x4)
                0x000000000800534c                PROVIDE (__preinit_array_start = .)
 *(.preinit_array*)
                0x000000000800534c                PROVIDE (__preinit_array_end = .)
                0x000000000800534c                . = ALIGN (0x4)

.init_array     0x000000000800534c        0x4
                0x000000000800534c                . = ALIGN (0x4)
                0x000000000800534c                PROVIDE (__init_array_start = .)
 *(SORT_BY_NAME(.init_array.*))
 *(.init_array*)
 .init_array    0x000000000800534c        0x4 d:/tool/stm32cubeide_1.7.0/stm32/stm32cubeide_1.7.0/stm32cubeide/plugins/com.st.stm32cube.ide.mcu.externaltools.gnu-tools-for-stm32.9-2020-q2-update.win32_2.0.0.202105311346/tools/bin/../lib/gcc/arm-none-eabi/9.3.1/thumb/v7-m/nofp/crtbegin.o
                0x0000000008005350                PROVIDE (__init_array_end = .)
                0x0000000008005350                . = ALIGN (0x4)

.fini_array     0x0000000008005350        0x4
                0x0000000008005350                . = ALIGN (0x4)
                [!provide]                        PROVIDE (__fini_array_start = .)
 *(SORT_BY_NAME(.fini_array.*))
 *(.fini_array*)
 .fini_array    0x0000000008005350        0x4 d:/tool/stm32cubeide_1.7.0/stm32/stm32cubeide_1.7.0/stm32cubeide/plugins/com.st.stm32cube.ide.mcu.externaltools.gnu-tools-for-stm32.9-2020-q2-update.win32_2.0.0.202105311346/tools/bin/../lib/gcc/arm-none-eabi/9.3.1/thumb/v7-m/nofp/crtbegin.o
                [!provide]                        PROVIDE (__fini_array_end = .)
                0x0000000008005354                . = ALIGN (0x4)
                0x0000000008005354                _sidata = LOADADDR (.data)

.data           0x0000000020000000       0x7c load address 0x0000000008005354
                0x0000000020000000                . = ALIGN (0x4)
                0x0000000020000000                _sdata = .
 *(.data)
 *(.data*)
 .data.Time_Auto_Red
                0x0000000020000000        0x4 ./Core/Src/global.o
                0x0000000020000000                Time_Auto_Red
 .data.Time_Auto_Green
                0x0000000020000004        0x4 ./Core/Src/global.o
                0x0000000020000004                Time_Auto_Green
 .data.Time_Auto_Yellow
                0x0000000020000008        0x4 ./Core/Src/global.o
                0x0000000020000008                Time_Auto_Yellow
 .data.SystemCoreClock
                0x000000002000000c        0x4 ./Core/Src/system_stm32f1xx.o
                0x000000002000000c                SystemCoreClock
 .data.uwTickPrio
                0x0000000020000010        0x4 ./Drivers/STM32F1xx_HAL_Driver/Src/stm32f1xx_hal.o
                0x0000000020000010                uwTickPrio
 .data.uwTickFreq
                0x0000000020000014        0x1 ./Drivers/STM32F1xx_HAL_Driver/Src/stm32f1xx_hal.o
                0x0000000020000014                uwTickFreq
 *fill*         0x0000000020000015        0x3 
 .data._impure_ptr
                0x0000000020000018        0x4 d:/tool/stm32cubeide_1.7.0/stm32/stm32cubeide_1.7.0/stm32cubeide/plugins/com.st.stm32cube.ide.mcu.externaltools.gnu-tools-for-stm32.9-2020-q2-update.win32_2.0.0.202105311346/tools/bin/../lib/gcc/arm-none-eabi/9.3.1/../../../../arm-none-eabi/lib/thumb/v7-m/nofp\libc_nano.a(lib_a-impure.o)
                0x0000000020000018                _impure_ptr
 .data.impure_data
                0x000000002000001c       0x60 d:/tool/stm32cubeide_1.7.0/stm32/stm32cubeide_1.7.0/stm32cubeide/plugins/com.st.stm32cube.ide.mcu.externaltools.gnu-tools-for-stm32.9-2020-q2-update.win32_2.0.0.202105311346/tools/bin/../lib/gcc/arm-none-eabi/9.3.1/../../../../arm-none-eabi/lib/thumb/v7-m/nofp\libc_nano.a(lib_a-impure.o)
 *(.RamFunc)
 *(.RamFunc*)
                0x000000002000007c                . = ALIGN (0x4)
                0x000000002000007c                _edata = .

.igot.plt       0x000000002000007c        0x0 load address 0x00000000080053d0
 .igot.plt      0x000000002000007c        0x0 d:/tool/stm32cubeide_1.7.0/stm32/stm32cubeide_1.7.0/stm32cubeide/plugins/com.st.stm32cube.ide.mcu.externaltools.gnu-tools-for-stm32.9-2020-q2-update.win32_2.0.0.202105311346/tools/bin/../lib/gcc/arm-none-eabi/9.3.1/thumb/v7-m/nofp/crtbegin.o
                0x000000002000007c                . = ALIGN (0x4)

.bss            0x000000002000007c      0x204 load address 0x00000000080053d0
                0x000000002000007c                _sbss = .
                0x000000002000007c                __bss_start__ = _sbss
 *(.bss)
 .bss           0x000000002000007c       0x1c d:/tool/stm32cubeide_1.7.0/stm32/stm32cubeide_1.7.0/stm32cubeide/plugins/com.st.stm32cube.ide.mcu.externaltools.gnu-tools-for-stm32.9-2020-q2-update.win32_2.0.0.202105311346/tools/bin/../lib/gcc/arm-none-eabi/9.3.1/thumb/v7-m/nofp/crtbegin.o
 *(.bss*)
 .bss.status1   0x0000000020000098        0x4 ./Core/Src/Device_Functions.o
                0x0000000020000098                status1
 .bss.timerCol_counter
                0x000000002000009c        0x4 ./Core/Src/Software_timer.o
                0x000000002000009c                timerCol_counter
 .bss.timerCol_flag
                0x00000000200000a0        0x4 ./Core/Src/Software_timer.o
                0x00000000200000a0                timerCol_flag
 .bss.timer2_counter
                0x00000000200000a4        0x4 ./Core/Src/Software_timer.o
                0x00000000200000a4                timer2_counter
 .bss.timer2_flag
                0x00000000200000a8        0x4 ./Core/Src/Software_timer.o
                0x00000000200000a8                timer2_flag
 .bss.timer3_counter
                0x00000000200000ac        0x4 ./Core/Src/Software_timer.o
                0x00000000200000ac                timer3_counter
 .bss.timer3_flag
                0x00000000200000b0        0x4 ./Core/Src/Software_timer.o
                0x00000000200000b0                timer3_flag
 .bss.timerUart_counter
                0x00000000200000b4        0x4 ./Core/Src/Software_timer.o
                0x00000000200000b4                timerUart_counter
 .bss.timerUart_flag
                0x00000000200000b8        0x4 ./Core/Src/Software_timer.o
                0x00000000200000b8                timerUart_flag
 .bss.timerRow_counter
                0x00000000200000bc        0x4 ./Core/Src/Software_timer.o
                0x00000000200000bc                timerRow_counter
 .bss.timerRow_flag
                0x00000000200000c0        0x4 ./Core/Src/Software_timer.o
                0x00000000200000c0                timerRow_flag
 .bss.timer5_counter
                0x00000000200000c4        0x4 ./Core/Src/Software_timer.o
                0x00000000200000c4                timer5_counter
 .bss.timer5_flag
                0x00000000200000c8        0x4 ./Core/Src/Software_timer.o
                0x00000000200000c8                timer5_flag
 .bss.timerBuzzer_counter
                0x00000000200000cc        0x4 ./Core/Src/Software_timer.o
                0x00000000200000cc                timerBuzzer_counter
 .bss.timerBuzzer_flag
                0x00000000200000d0        0x4 ./Core/Src/Software_timer.o
                0x00000000200000d0                timerBuzzer_flag
 .bss.buzzerLength_flag
                0x00000000200000d4        0x4 ./Core/Src/Software_timer.o
                0x00000000200000d4                buzzerLength_flag
 .bss.buzzerLength_counter
                0x00000000200000d8        0x4 ./Core/Src/Software_timer.o
                0x00000000200000d8                buzzerLength_counter
 .bss.buzzerActive_flag
                0x00000000200000dc        0x4 ./Core/Src/Software_timer.o
                0x00000000200000dc                buzzerActive_flag
 .bss.status_col
                0x00000000200000e0        0x4 ./Core/Src/global.o
                0x00000000200000e0                status_col
 .bss.status_row
                0x00000000200000e4        0x4 ./Core/Src/global.o
                0x00000000200000e4                status_row
 .bss.flag_pad  0x00000000200000e8        0x4 ./Core/Src/global.o
                0x00000000200000e8                flag_pad
 .bss.cycle_pad
                0x00000000200000ec        0x4 ./Core/Src/global.o
                0x00000000200000ec                cycle_pad
 .bss.time_value
                0x00000000200000f0        0x4 ./Core/Src/global.o
                0x00000000200000f0                time_value
 .bss.temp      0x00000000200000f4        0x1 ./Core/Src/main.o
                0x00000000200000f4                temp
 .bss.index_buffer
                0x00000000200000f5        0x1 ./Core/Src/main.o
                0x00000000200000f5                index_buffer
 .bss.buffer_flag
                0x00000000200000f6        0x1 ./Core/Src/main.o
                0x00000000200000f6                buffer_flag
 *fill*         0x00000000200000f7        0x1 
 .bss.__sbrk_heap_end
                0x00000000200000f8        0x4 ./Core/Src/sysmem.o
 .bss.__malloc_free_list
                0x00000000200000fc        0x4 d:/tool/stm32cubeide_1.7.0/stm32/stm32cubeide_1.7.0/stm32cubeide/plugins/com.st.stm32cube.ide.mcu.externaltools.gnu-tools-for-stm32.9-2020-q2-update.win32_2.0.0.202105311346/tools/bin/../lib/gcc/arm-none-eabi/9.3.1/../../../../arm-none-eabi/lib/thumb/v7-m/nofp\libc_nano.a(lib_a-nano-mallocr.o)
                0x00000000200000fc                __malloc_free_list
 .bss.__malloc_sbrk_start
                0x0000000020000100        0x4 d:/tool/stm32cubeide_1.7.0/stm32/stm32cubeide_1.7.0/stm32cubeide/plugins/com.st.stm32cube.ide.mcu.externaltools.gnu-tools-for-stm32.9-2020-q2-update.win32_2.0.0.202105311346/tools/bin/../lib/gcc/arm-none-eabi/9.3.1/../../../../arm-none-eabi/lib/thumb/v7-m/nofp\libc_nano.a(lib_a-nano-mallocr.o)
                0x0000000020000100                __malloc_sbrk_start
 *(COMMON)
 COMMON         0x0000000020000104       0x14 ./Core/Src/Device_Functions.o
                0x0000000020000104                str
 COMMON         0x0000000020000118       0x60 ./Core/Src/button.o
                0x0000000020000118                KeyReg3
                0x0000000020000128                KeyReg0
                0x0000000020000138                KeyReg1
                0x0000000020000148                button_flag
                0x0000000020000158                KeyReg2
                0x0000000020000168                TimeForKeyPress
 COMMON         0x0000000020000178       0xf4 ./Core/Src/main.o
                0x0000000020000178                htim3
                0x00000000200001c0                buffer
                0x00000000200001e0                htim2
                0x0000000020000228                huart2
 COMMON         0x000000002000026c        0x4 ./Drivers/STM32F1xx_HAL_Driver/Src/stm32f1xx_hal.o
                0x000000002000026c                uwTick
 COMMON         0x0000000020000270        0x4 d:/tool/stm32cubeide_1.7.0/stm32/stm32cubeide_1.7.0/stm32cubeide/plugins/com.st.stm32cube.ide.mcu.externaltools.gnu-tools-for-stm32.9-2020-q2-update.win32_2.0.0.202105311346/tools/bin/../lib/gcc/arm-none-eabi/9.3.1/../../../../arm-none-eabi/lib/thumb/v7-m/nofp\libc_nano.a(lib_a-reent.o)
                0x0000000020000270                errno
 COMMON         0x0000000020000274        0x9 d:/tool/stm32cubeide_1.7.0/stm32/stm32cubeide_1.7.0/stm32cubeide/plugins/com.st.stm32cube.ide.mcu.externaltools.gnu-tools-for-stm32.9-2020-q2-update.win32_2.0.0.202105311346/tools/bin/../lib/gcc/arm-none-eabi/9.3.1/../../../../arm-none-eabi/lib/thumb/v7-m/nofp\libc_nano.a(lib_a-lock.o)
                0x0000000020000274                __lock___atexit_recursive_mutex
                0x0000000020000275                __lock___arc4random_mutex
                0x0000000020000276                __lock___env_recursive_mutex
                0x0000000020000277                __lock___sinit_recursive_mutex
                0x0000000020000278                __lock___malloc_recursive_mutex
                0x0000000020000279                __lock___at_quick_exit_mutex
                0x000000002000027a                __lock___dd_hash_mutex
                0x000000002000027b                __lock___tz_mutex
                0x000000002000027c                __lock___sfp_recursive_mutex
                0x0000000020000280                . = ALIGN (0x4)
 *fill*         0x000000002000027d        0x3 
                0x0000000020000280                _ebss = .
                0x0000000020000280                __bss_end__ = _ebss

._user_heap_stack
                0x0000000020000280      0x600 load address 0x00000000080053d0
                0x0000000020000280                . = ALIGN (0x8)
                [!provide]                        PROVIDE (end = .)
                0x0000000020000280                PROVIDE (_end = .)
                0x0000000020000480                . = (. + _Min_Heap_Size)
 *fill*         0x0000000020000280      0x200 
                0x0000000020000880                . = (. + _Min_Stack_Size)
 *fill*         0x0000000020000480      0x400 
                0x0000000020000880                . = ALIGN (0x8)

/DISCARD/
 libc.a(*)
 libm.a(*)
 libgcc.a(*)

.ARM.attributes
                0x0000000000000000       0x29
 *(.ARM.attributes)
 .ARM.attributes
                0x0000000000000000       0x1d d:/tool/stm32cubeide_1.7.0/stm32/stm32cubeide_1.7.0/stm32cubeide/plugins/com.st.stm32cube.ide.mcu.externaltools.gnu-tools-for-stm32.9-2020-q2-update.win32_2.0.0.202105311346/tools/bin/../lib/gcc/arm-none-eabi/9.3.1/thumb/v7-m/nofp/crti.o
 .ARM.attributes
                0x000000000000001d       0x2d d:/tool/stm32cubeide_1.7.0/stm32/stm32cubeide_1.7.0/stm32cubeide/plugins/com.st.stm32cube.ide.mcu.externaltools.gnu-tools-for-stm32.9-2020-q2-update.win32_2.0.0.202105311346/tools/bin/../lib/gcc/arm-none-eabi/9.3.1/thumb/v7-m/nofp/crtbegin.o
 .ARM.attributes
                0x000000000000004a       0x2d ./Core/Src/Device_Functions.o
 .ARM.attributes
                0x0000000000000077       0x2d ./Core/Src/Software_timer.o
 .ARM.attributes
                0x00000000000000a4       0x2d ./Core/Src/button.o
 .ARM.attributes
                0x00000000000000d1       0x2d ./Core/Src/fsm_automatic.o
 .ARM.attributes
                0x00000000000000fe       0x2d ./Core/Src/fsm_manual.o
 .ARM.attributes
                0x000000000000012b       0x2d ./Core/Src/global.o
 .ARM.attributes
                0x0000000000000158       0x2d ./Core/Src/main.o
 .ARM.attributes
                0x0000000000000185       0x2d ./Core/Src/modification_mode.o
 .ARM.attributes
                0x00000000000001b2       0x2d ./Core/Src/stm32f1xx_hal_msp.o
 .ARM.attributes
                0x00000000000001df       0x2d ./Core/Src/stm32f1xx_it.o
 .ARM.attributes
                0x000000000000020c       0x2d ./Core/Src/sysmem.o
 .ARM.attributes
                0x0000000000000239       0x2d ./Core/Src/system_stm32f1xx.o
 .ARM.attributes
                0x0000000000000266       0x21 ./Core/Startup/startup_stm32f103rbtx.o
 .ARM.attributes
                0x0000000000000287       0x2d ./Drivers/STM32F1xx_HAL_Driver/Src/stm32f1xx_hal.o
 .ARM.attributes
                0x00000000000002b4       0x2d ./Drivers/STM32F1xx_HAL_Driver/Src/stm32f1xx_hal_cortex.o
 .ARM.attributes
                0x00000000000002e1       0x2d ./Drivers/STM32F1xx_HAL_Driver/Src/stm32f1xx_hal_dma.o
 .ARM.attributes
                0x000000000000030e       0x2d ./Drivers/STM32F1xx_HAL_Driver/Src/stm32f1xx_hal_gpio.o
 .ARM.attributes
                0x000000000000033b       0x2d ./Drivers/STM32F1xx_HAL_Driver/Src/stm32f1xx_hal_rcc.o
 .ARM.attributes
                0x0000000000000368       0x2d ./Drivers/STM32F1xx_HAL_Driver/Src/stm32f1xx_hal_tim.o
 .ARM.attributes
                0x0000000000000395       0x2d ./Drivers/STM32F1xx_HAL_Driver/Src/stm32f1xx_hal_tim_ex.o
 .ARM.attributes
                0x00000000000003c2       0x2d ./Drivers/STM32F1xx_HAL_Driver/Src/stm32f1xx_hal_uart.o
 .ARM.attributes
                0x00000000000003ef       0x2d d:/tool/stm32cubeide_1.7.0/stm32/stm32cubeide_1.7.0/stm32cubeide/plugins/com.st.stm32cube.ide.mcu.externaltools.gnu-tools-for-stm32.9-2020-q2-update.win32_2.0.0.202105311346/tools/bin/../lib/gcc/arm-none-eabi/9.3.1/../../../../arm-none-eabi/lib/thumb/v7-m/nofp\libc_nano.a(lib_a-errno.o)
 .ARM.attributes
                0x000000000000041c       0x2d d:/tool/stm32cubeide_1.7.0/stm32/stm32cubeide_1.7.0/stm32cubeide/plugins/com.st.stm32cube.ide.mcu.externaltools.gnu-tools-for-stm32.9-2020-q2-update.win32_2.0.0.202105311346/tools/bin/../lib/gcc/arm-none-eabi/9.3.1/../../../../arm-none-eabi/lib/thumb/v7-m/nofp\libc_nano.a(lib_a-impure.o)
 .ARM.attributes
                0x0000000000000449       0x2d d:/tool/stm32cubeide_1.7.0/stm32/stm32cubeide_1.7.0/stm32cubeide/plugins/com.st.stm32cube.ide.mcu.externaltools.gnu-tools-for-stm32.9-2020-q2-update.win32_2.0.0.202105311346/tools/bin/../lib/gcc/arm-none-eabi/9.3.1/../../../../arm-none-eabi/lib/thumb/v7-m/nofp\libc_nano.a(lib_a-init.o)
 .ARM.attributes
                0x0000000000000476       0x2d d:/tool/stm32cubeide_1.7.0/stm32/stm32cubeide_1.7.0/stm32cubeide/plugins/com.st.stm32cube.ide.mcu.externaltools.gnu-tools-for-stm32.9-2020-q2-update.win32_2.0.0.202105311346/tools/bin/../lib/gcc/arm-none-eabi/9.3.1/../../../../arm-none-eabi/lib/thumb/v7-m/nofp\libc_nano.a(lib_a-memset.o)
 .ARM.attributes
                0x00000000000004a3       0x2d d:/tool/stm32cubeide_1.7.0/stm32/stm32cubeide_1.7.0/stm32cubeide/plugins/com.st.stm32cube.ide.mcu.externaltools.gnu-tools-for-stm32.9-2020-q2-update.win32_2.0.0.202105311346/tools/bin/../lib/gcc/arm-none-eabi/9.3.1/../../../../arm-none-eabi/lib/thumb/v7-m/nofp\libc_nano.a(lib_a-sprintf.o)
 .ARM.attributes
                0x00000000000004d0       0x2d d:/tool/stm32cubeide_1.7.0/stm32/stm32cubeide_1.7.0/stm32cubeide/plugins/com.st.stm32cube.ide.mcu.externaltools.gnu-tools-for-stm32.9-2020-q2-update.win32_2.0.0.202105311346/tools/bin/../lib/gcc/arm-none-eabi/9.3.1/../../../../arm-none-eabi/lib/thumb/v7-m/nofp\libc_nano.a(lib_a-nano-svfprintf.o)
 .ARM.attributes
                0x00000000000004fd       0x2d d:/tool/stm32cubeide_1.7.0/stm32/stm32cubeide_1.7.0/stm32cubeide/plugins/com.st.stm32cube.ide.mcu.externaltools.gnu-tools-for-stm32.9-2020-q2-update.win32_2.0.0.202105311346/tools/bin/../lib/gcc/arm-none-eabi/9.3.1/../../../../arm-none-eabi/lib/thumb/v7-m/nofp\libc_nano.a(lib_a-nano-vfprintf_i.o)
 .ARM.attributes
                0x000000000000052a       0x2d d:/tool/stm32cubeide_1.7.0/stm32/stm32cubeide_1.7.0/stm32cubeide/plugins/com.st.stm32cube.ide.mcu.externaltools.gnu-tools-for-stm32.9-2020-q2-update.win32_2.0.0.202105311346/tools/bin/../lib/gcc/arm-none-eabi/9.3.1/../../../../arm-none-eabi/lib/thumb/v7-m/nofp\libc_nano.a(lib_a-memchr-stub.o)
 .ARM.attributes
                0x0000000000000557       0x2d d:/tool/stm32cubeide_1.7.0/stm32/stm32cubeide_1.7.0/stm32cubeide/plugins/com.st.stm32cube.ide.mcu.externaltools.gnu-tools-for-stm32.9-2020-q2-update.win32_2.0.0.202105311346/tools/bin/../lib/gcc/arm-none-eabi/9.3.1/../../../../arm-none-eabi/lib/thumb/v7-m/nofp\libc_nano.a(lib_a-memcpy-stub.o)
 .ARM.attributes
                0x0000000000000584       0x2d d:/tool/stm32cubeide_1.7.0/stm32/stm32cubeide_1.7.0/stm32cubeide/plugins/com.st.stm32cube.ide.mcu.externaltools.gnu-tools-for-stm32.9-2020-q2-update.win32_2.0.0.202105311346/tools/bin/../lib/gcc/arm-none-eabi/9.3.1/../../../../arm-none-eabi/lib/thumb/v7-m/nofp\libc_nano.a(lib_a-memmove.o)
 .ARM.attributes
                0x00000000000005b1       0x2d d:/tool/stm32cubeide_1.7.0/stm32/stm32cubeide_1.7.0/stm32cubeide/plugins/com.st.stm32cube.ide.mcu.externaltools.gnu-tools-for-stm32.9-2020-q2-update.win32_2.0.0.202105311346/tools/bin/../lib/gcc/arm-none-eabi/9.3.1/../../../../arm-none-eabi/lib/thumb/v7-m/nofp\libc_nano.a(lib_a-nano-freer.o)
 .ARM.attributes
                0x00000000000005de       0x2d d:/tool/stm32cubeide_1.7.0/stm32/stm32cubeide_1.7.0/stm32cubeide/plugins/com.st.stm32cube.ide.mcu.externaltools.gnu-tools-for-stm32.9-2020-q2-update.win32_2.0.0.202105311346/tools/bin/../lib/gcc/arm-none-eabi/9.3.1/../../../../arm-none-eabi/lib/thumb/v7-m/nofp\libc_nano.a(lib_a-nano-mallocr.o)
 .ARM.attributes
                0x000000000000060b       0x2d d:/tool/stm32cubeide_1.7.0/stm32/stm32cubeide_1.7.0/stm32cubeide/plugins/com.st.stm32cube.ide.mcu.externaltools.gnu-tools-for-stm32.9-2020-q2-update.win32_2.0.0.202105311346/tools/bin/../lib/gcc/arm-none-eabi/9.3.1/../../../../arm-none-eabi/lib/thumb/v7-m/nofp\libc_nano.a(lib_a-nano-reallocr.o)
 .ARM.attributes
                0x0000000000000638       0x2d d:/tool/stm32cubeide_1.7.0/stm32/stm32cubeide_1.7.0/stm32cubeide/plugins/com.st.stm32cube.ide.mcu.externaltools.gnu-tools-for-stm32.9-2020-q2-update.win32_2.0.0.202105311346/tools/bin/../lib/gcc/arm-none-eabi/9.3.1/../../../../arm-none-eabi/lib/thumb/v7-m/nofp\libc_nano.a(lib_a-sbrkr.o)
 .ARM.attributes
                0x0000000000000665       0x2d d:/tool/stm32cubeide_1.7.0/stm32/stm32cubeide_1.7.0/stm32cubeide/plugins/com.st.stm32cube.ide.mcu.externaltools.gnu-tools-for-stm32.9-2020-q2-update.win32_2.0.0.202105311346/tools/bin/../lib/gcc/arm-none-eabi/9.3.1/../../../../arm-none-eabi/lib/thumb/v7-m/nofp\libc_nano.a(lib_a-mlock.o)
 .ARM.attributes
                0x0000000000000692       0x2d d:/tool/stm32cubeide_1.7.0/stm32/stm32cubeide_1.7.0/stm32cubeide/plugins/com.st.stm32cube.ide.mcu.externaltools.gnu-tools-for-stm32.9-2020-q2-update.win32_2.0.0.202105311346/tools/bin/../lib/gcc/arm-none-eabi/9.3.1/../../../../arm-none-eabi/lib/thumb/v7-m/nofp\libc_nano.a(lib_a-nano-msizer.o)
 .ARM.attributes
                0x00000000000006bf       0x2d d:/tool/stm32cubeide_1.7.0/stm32/stm32cubeide_1.7.0/stm32cubeide/plugins/com.st.stm32cube.ide.mcu.externaltools.gnu-tools-for-stm32.9-2020-q2-update.win32_2.0.0.202105311346/tools/bin/../lib/gcc/arm-none-eabi/9.3.1/../../../../arm-none-eabi/lib/thumb/v7-m/nofp\libc_nano.a(lib_a-reent.o)
 .ARM.attributes
                0x00000000000006ec       0x2d d:/tool/stm32cubeide_1.7.0/stm32/stm32cubeide_1.7.0/stm32cubeide/plugins/com.st.stm32cube.ide.mcu.externaltools.gnu-tools-for-stm32.9-2020-q2-update.win32_2.0.0.202105311346/tools/bin/../lib/gcc/arm-none-eabi/9.3.1/../../../../arm-none-eabi/lib/thumb/v7-m/nofp\libc_nano.a(lib_a-lock.o)
 .ARM.attributes
                0x0000000000000719       0x1d d:/tool/stm32cubeide_1.7.0/stm32/stm32cubeide_1.7.0/stm32cubeide/plugins/com.st.stm32cube.ide.mcu.externaltools.gnu-tools-for-stm32.9-2020-q2-update.win32_2.0.0.202105311346/tools/bin/../lib/gcc/arm-none-eabi/9.3.1/thumb/v7-m/nofp\libgcc.a(_arm_mulsf3.o)
 .ARM.attributes
                0x0000000000000736       0x1d d:/tool/stm32cubeide_1.7.0/stm32/stm32cubeide_1.7.0/stm32cubeide/plugins/com.st.stm32cube.ide.mcu.externaltools.gnu-tools-for-stm32.9-2020-q2-update.win32_2.0.0.202105311346/tools/bin/../lib/gcc/arm-none-eabi/9.3.1/thumb/v7-m/nofp\libgcc.a(_arm_addsubdf3.o)
 .ARM.attributes
                0x0000000000000753       0x1d d:/tool/stm32cubeide_1.7.0/stm32/stm32cubeide_1.7.0/stm32cubeide/plugins/com.st.stm32cube.ide.mcu.externaltools.gnu-tools-for-stm32.9-2020-q2-update.win32_2.0.0.202105311346/tools/bin/../lib/gcc/arm-none-eabi/9.3.1/thumb/v7-m/nofp\libgcc.a(_arm_muldivdf3.o)
 .ARM.attributes
                0x0000000000000770       0x1d d:/tool/stm32cubeide_1.7.0/stm32/stm32cubeide_1.7.0/stm32cubeide/plugins/com.st.stm32cube.ide.mcu.externaltools.gnu-tools-for-stm32.9-2020-q2-update.win32_2.0.0.202105311346/tools/bin/../lib/gcc/arm-none-eabi/9.3.1/thumb/v7-m/nofp\libgcc.a(_arm_fixdfsi.o)
 .ARM.attributes
                0x000000000000078d       0x1d d:/tool/stm32cubeide_1.7.0/stm32/stm32cubeide_1.7.0/stm32cubeide/plugins/com.st.stm32cube.ide.mcu.externaltools.gnu-tools-for-stm32.9-2020-q2-update.win32_2.0.0.202105311346/tools/bin/../lib/gcc/arm-none-eabi/9.3.1/thumb/v7-m/nofp\libgcc.a(_arm_truncdfsf2.o)
 .ARM.attributes
                0x00000000000007aa       0x1d d:/tool/stm32cubeide_1.7.0/stm32/stm32cubeide_1.7.0/stm32cubeide/plugins/com.st.stm32cube.ide.mcu.externaltools.gnu-tools-for-stm32.9-2020-q2-update.win32_2.0.0.202105311346/tools/bin/../lib/gcc/arm-none-eabi/9.3.1/thumb/v7-m/nofp\libgcc.a(_arm_fixsfsi.o)
 .ARM.attributes
                0x00000000000007c7       0x1d d:/tool/stm32cubeide_1.7.0/stm32/stm32cubeide_1.7.0/stm32cubeide/plugins/com.st.stm32cube.ide.mcu.externaltools.gnu-tools-for-stm32.9-2020-q2-update.win32_2.0.0.202105311346/tools/bin/../lib/gcc/arm-none-eabi/9.3.1/thumb/v7-m/nofp/crtn.o
OUTPUT(Assignment_VXL.elf elf32-littlearm)
LOAD linker stubs
LOAD d:/tool/stm32cubeide_1.7.0/stm32/stm32cubeide_1.7.0/stm32cubeide/plugins/com.st.stm32cube.ide.mcu.externaltools.gnu-tools-for-stm32.9-2020-q2-update.win32_2.0.0.202105311346/tools/bin/../lib/gcc/arm-none-eabi/9.3.1/../../../../arm-none-eabi/lib/thumb/v7-m/nofp\libc.a
LOAD d:/tool/stm32cubeide_1.7.0/stm32/stm32cubeide_1.7.0/stm32cubeide/plugins/com.st.stm32cube.ide.mcu.externaltools.gnu-tools-for-stm32.9-2020-q2-update.win32_2.0.0.202105311346/tools/bin/../lib/gcc/arm-none-eabi/9.3.1/../../../../arm-none-eabi/lib/thumb/v7-m/nofp\libm.a
LOAD d:/tool/stm32cubeide_1.7.0/stm32/stm32cubeide_1.7.0/stm32cubeide/plugins/com.st.stm32cube.ide.mcu.externaltools.gnu-tools-for-stm32.9-2020-q2-update.win32_2.0.0.202105311346/tools/bin/../lib/gcc/arm-none-eabi/9.3.1/thumb/v7-m/nofp\libgcc.a

.debug_info     0x0000000000000000    0x114c2
 .debug_info    0x0000000000000000     0x14f6 ./Core/Src/Device_Functions.o
 .debug_info    0x00000000000014f6      0x2e8 ./Core/Src/Software_timer.o
 .debug_info    0x00000000000017de      0xb39 ./Core/Src/button.o
 .debug_info    0x0000000000002317     0x132f ./Core/Src/fsm_automatic.o
 .debug_info    0x0000000000003646      0xa6b ./Core/Src/fsm_manual.o
 .debug_info    0x00000000000040b1      0xb58 ./Core/Src/global.o
 .debug_info    0x0000000000004c09     0x18c9 ./Core/Src/main.o
 .debug_info    0x00000000000064d2      0xa46 ./Core/Src/modification_mode.o
 .debug_info    0x0000000000006f18      0xe50 ./Core/Src/stm32f1xx_hal_msp.o
 .debug_info    0x0000000000007d68      0xa2e ./Core/Src/stm32f1xx_it.o
 .debug_info    0x0000000000008796      0xa25 ./Core/Src/sysmem.o
 .debug_info    0x00000000000091bb      0x2be ./Core/Src/system_stm32f1xx.o
 .debug_info    0x0000000000009479       0x22 ./Core/Startup/startup_stm32f103rbtx.o
 .debug_info    0x000000000000949b      0x76a ./Drivers/STM32F1xx_HAL_Driver/Src/stm32f1xx_hal.o
 .debug_info    0x0000000000009c05      0xbdc ./Drivers/STM32F1xx_HAL_Driver/Src/stm32f1xx_hal_cortex.o
 .debug_info    0x000000000000a7e1      0x81e ./Drivers/STM32F1xx_HAL_Driver/Src/stm32f1xx_hal_dma.o
 .debug_info    0x000000000000afff      0x701 ./Drivers/STM32F1xx_HAL_Driver/Src/stm32f1xx_hal_gpio.o
 .debug_info    0x000000000000b700      0x88e ./Drivers/STM32F1xx_HAL_Driver/Src/stm32f1xx_hal_rcc.o
 .debug_info    0x000000000000bf8e     0x2a45 ./Drivers/STM32F1xx_HAL_Driver/Src/stm32f1xx_hal_tim.o
 .debug_info    0x000000000000e9d3     0x14d5 ./Drivers/STM32F1xx_HAL_Driver/Src/stm32f1xx_hal_tim_ex.o
 .debug_info    0x000000000000fea8     0x161a ./Drivers/STM32F1xx_HAL_Driver/Src/stm32f1xx_hal_uart.o

.debug_abbrev   0x0000000000000000     0x2811
 .debug_abbrev  0x0000000000000000      0x271 ./Core/Src/Device_Functions.o
 .debug_abbrev  0x0000000000000271       0xc3 ./Core/Src/Software_timer.o
 .debug_abbrev  0x0000000000000334      0x20a ./Core/Src/button.o
 .debug_abbrev  0x000000000000053e      0x20b ./Core/Src/fsm_automatic.o
 .debug_abbrev  0x0000000000000749      0x178 ./Core/Src/fsm_manual.o
 .debug_abbrev  0x00000000000008c1      0x1b0 ./Core/Src/global.o
 .debug_abbrev  0x0000000000000a71      0x317 ./Core/Src/main.o
 .debug_abbrev  0x0000000000000d88      0x15a ./Core/Src/modification_mode.o
 .debug_abbrev  0x0000000000000ee2      0x1c8 ./Core/Src/stm32f1xx_hal_msp.o
 .debug_abbrev  0x00000000000010aa      0x176 ./Core/Src/stm32f1xx_it.o
 .debug_abbrev  0x0000000000001220      0x1bf ./Core/Src/sysmem.o
 .debug_abbrev  0x00000000000013df      0x14e ./Core/Src/system_stm32f1xx.o
 .debug_abbrev  0x000000000000152d       0x12 ./Core/Startup/startup_stm32f103rbtx.o
 .debug_abbrev  0x000000000000153f      0x1ed ./Drivers/STM32F1xx_HAL_Driver/Src/stm32f1xx_hal.o
 .debug_abbrev  0x000000000000172c      0x313 ./Drivers/STM32F1xx_HAL_Driver/Src/stm32f1xx_hal_cortex.o
 .debug_abbrev  0x0000000000001a3f      0x228 ./Drivers/STM32F1xx_HAL_Driver/Src/stm32f1xx_hal_dma.o
 .debug_abbrev  0x0000000000001c67      0x1e8 ./Drivers/STM32F1xx_HAL_Driver/Src/stm32f1xx_hal_gpio.o
 .debug_abbrev  0x0000000000001e4f      0x273 ./Drivers/STM32F1xx_HAL_Driver/Src/stm32f1xx_hal_rcc.o
 .debug_abbrev  0x00000000000020c2      0x25e ./Drivers/STM32F1xx_HAL_Driver/Src/stm32f1xx_hal_tim.o
 .debug_abbrev  0x0000000000002320      0x266 ./Drivers/STM32F1xx_HAL_Driver/Src/stm32f1xx_hal_tim_ex.o
 .debug_abbrev  0x0000000000002586      0x28b ./Drivers/STM32F1xx_HAL_Driver/Src/stm32f1xx_hal_uart.o

.debug_aranges  0x0000000000000000      0xde8
 .debug_aranges
                0x0000000000000000       0x90 ./Core/Src/Device_Functions.o
 .debug_aranges
                0x0000000000000090       0x60 ./Core/Src/Software_timer.o
 .debug_aranges
                0x00000000000000f0       0x40 ./Core/Src/button.o
 .debug_aranges
                0x0000000000000130       0x30 ./Core/Src/fsm_automatic.o
 .debug_aranges
                0x0000000000000160       0x20 ./Core/Src/fsm_manual.o
 .debug_aranges
                0x0000000000000180       0x40 ./Core/Src/global.o
 .debug_aranges
                0x00000000000001c0       0x60 ./Core/Src/main.o
 .debug_aranges
                0x0000000000000220       0x20 ./Core/Src/modification_mode.o
 .debug_aranges
                0x0000000000000240       0x48 ./Core/Src/stm32f1xx_hal_msp.o
 .debug_aranges
                0x0000000000000288       0x70 ./Core/Src/stm32f1xx_it.o
 .debug_aranges
                0x00000000000002f8       0x20 ./Core/Src/sysmem.o
 .debug_aranges
                0x0000000000000318       0x28 ./Core/Src/system_stm32f1xx.o
 .debug_aranges
                0x0000000000000340       0x28 ./Core/Startup/startup_stm32f103rbtx.o
 .debug_aranges
                0x0000000000000368       0xe0 ./Drivers/STM32F1xx_HAL_Driver/Src/stm32f1xx_hal.o
 .debug_aranges
                0x0000000000000448      0x100 ./Drivers/STM32F1xx_HAL_Driver/Src/stm32f1xx_hal_cortex.o
 .debug_aranges
                0x0000000000000548       0x80 ./Drivers/STM32F1xx_HAL_Driver/Src/stm32f1xx_hal_dma.o
 .debug_aranges
                0x00000000000005c8       0x58 ./Drivers/STM32F1xx_HAL_Driver/Src/stm32f1xx_hal_gpio.o
 .debug_aranges
                0x0000000000000620       0x90 ./Drivers/STM32F1xx_HAL_Driver/Src/stm32f1xx_hal_rcc.o
 .debug_aranges
                0x00000000000006b0      0x3d0 ./Drivers/STM32F1xx_HAL_Driver/Src/stm32f1xx_hal_tim.o
 .debug_aranges
                0x0000000000000a80      0x168 ./Drivers/STM32F1xx_HAL_Driver/Src/stm32f1xx_hal_tim_ex.o
 .debug_aranges
                0x0000000000000be8      0x200 ./Drivers/STM32F1xx_HAL_Driver/Src/stm32f1xx_hal_uart.o

.debug_ranges   0x0000000000000000      0xcd0
 .debug_ranges  0x0000000000000000       0x80 ./Core/Src/Device_Functions.o
 .debug_ranges  0x0000000000000080       0x50 ./Core/Src/Software_timer.o
 .debug_ranges  0x00000000000000d0       0x30 ./Core/Src/button.o
 .debug_ranges  0x0000000000000100       0x20 ./Core/Src/fsm_automatic.o
 .debug_ranges  0x0000000000000120       0x10 ./Core/Src/fsm_manual.o
 .debug_ranges  0x0000000000000130       0x30 ./Core/Src/global.o
 .debug_ranges  0x0000000000000160       0x50 ./Core/Src/main.o
 .debug_ranges  0x00000000000001b0       0x10 ./Core/Src/modification_mode.o
 .debug_ranges  0x00000000000001c0       0x38 ./Core/Src/stm32f1xx_hal_msp.o
 .debug_ranges  0x00000000000001f8       0x60 ./Core/Src/stm32f1xx_it.o
 .debug_ranges  0x0000000000000258       0x10 ./Core/Src/sysmem.o
 .debug_ranges  0x0000000000000268       0x18 ./Core/Src/system_stm32f1xx.o
 .debug_ranges  0x0000000000000280       0x20 ./Core/Startup/startup_stm32f103rbtx.o
 .debug_ranges  0x00000000000002a0       0xd0 ./Drivers/STM32F1xx_HAL_Driver/Src/stm32f1xx_hal.o
 .debug_ranges  0x0000000000000370       0xf0 ./Drivers/STM32F1xx_HAL_Driver/Src/stm32f1xx_hal_cortex.o
 .debug_ranges  0x0000000000000460       0x70 ./Drivers/STM32F1xx_HAL_Driver/Src/stm32f1xx_hal_dma.o
 .debug_ranges  0x00000000000004d0       0x48 ./Drivers/STM32F1xx_HAL_Driver/Src/stm32f1xx_hal_gpio.o
 .debug_ranges  0x0000000000000518       0x80 ./Drivers/STM32F1xx_HAL_Driver/Src/stm32f1xx_hal_rcc.o
 .debug_ranges  0x0000000000000598      0x3c0 ./Drivers/STM32F1xx_HAL_Driver/Src/stm32f1xx_hal_tim.o
 .debug_ranges  0x0000000000000958      0x158 ./Drivers/STM32F1xx_HAL_Driver/Src/stm32f1xx_hal_tim_ex.o
 .debug_ranges  0x0000000000000ab0      0x220 ./Drivers/STM32F1xx_HAL_Driver/Src/stm32f1xx_hal_uart.o

.debug_macro    0x0000000000000000    0x18a52
 .debug_macro   0x0000000000000000      0x33d ./Core/Src/Device_Functions.o
 .debug_macro   0x000000000000033d      0xa9c ./Core/Src/Device_Functions.o
 .debug_macro   0x0000000000000dd9      0x21b ./Core/Src/Device_Functions.o
 .debug_macro   0x0000000000000ff4       0x2e ./Core/Src/Device_Functions.o
 .debug_macro   0x0000000000001022       0x22 ./Core/Src/Device_Functions.o
 .debug_macro   0x0000000000001044       0x22 ./Core/Src/Device_Functions.o
 .debug_macro   0x0000000000001066       0x8e ./Core/Src/Device_Functions.o
 .debug_macro   0x00000000000010f4       0x51 ./Core/Src/Device_Functions.o
 .debug_macro   0x0000000000001145      0x103 ./Core/Src/Device_Functions.o
 .debug_macro   0x0000000000001248       0x6a ./Core/Src/Device_Functions.o
 .debug_macro   0x00000000000012b2      0x1df ./Core/Src/Device_Functions.o
 .debug_macro   0x0000000000001491       0x1c ./Core/Src/Device_Functions.o
 .debug_macro   0x00000000000014ad       0x22 ./Core/Src/Device_Functions.o
 .debug_macro   0x00000000000014cf       0xc3 ./Core/Src/Device_Functions.o
 .debug_macro   0x0000000000001592      0xd23 ./Core/Src/Device_Functions.o
 .debug_macro   0x00000000000022b5     0xe09e ./Core/Src/Device_Functions.o
 .debug_macro   0x0000000000010353       0x6d ./Core/Src/Device_Functions.o
 .debug_macro   0x00000000000103c0     0x3468 ./Core/Src/Device_Functions.o
 .debug_macro   0x0000000000013828      0x174 ./Core/Src/Device_Functions.o
 .debug_macro   0x000000000001399c       0x5c ./Core/Src/Device_Functions.o
 .debug_macro   0x00000000000139f8      0x5be ./Core/Src/Device_Functions.o
 .debug_macro   0x0000000000013fb6      0x289 ./Core/Src/Device_Functions.o
 .debug_macro   0x000000000001423f      0x1cb ./Core/Src/Device_Functions.o
 .debug_macro   0x000000000001440a      0x114 ./Core/Src/Device_Functions.o
 .debug_macro   0x000000000001451e      0x1b2 ./Core/Src/Device_Functions.o
 .debug_macro   0x00000000000146d0       0x27 ./Core/Src/Device_Functions.o
 .debug_macro   0x00000000000146f7      0x136 ./Core/Src/Device_Functions.o
 .debug_macro   0x000000000001482d      0x1bc ./Core/Src/Device_Functions.o
 .debug_macro   0x00000000000149e9       0x34 ./Core/Src/Device_Functions.o
 .debug_macro   0x0000000000014a1d       0x3c ./Core/Src/Device_Functions.o
 .debug_macro   0x0000000000014a59       0x57 ./Core/Src/Device_Functions.o
 .debug_macro   0x0000000000014ab0       0x88 ./Core/Src/Device_Functions.o
 .debug_macro   0x0000000000014b38      0x241 ./Core/Src/Device_Functions.o
 .debug_macro   0x0000000000014d79      0x141 ./Core/Src/Device_Functions.o
 .debug_macro   0x0000000000014eba      0x8d1 ./Core/Src/Device_Functions.o
 .debug_macro   0x000000000001578b      0x279 ./Core/Src/Device_Functions.o
 .debug_macro   0x0000000000015a04       0x83 ./Core/Src/Device_Functions.o
 .debug_macro   0x0000000000015a87       0xa0 ./Core/Src/Device_Functions.o
 .debug_macro   0x0000000000015b27       0x1c ./Core/Src/Device_Functions.o
 .debug_macro   0x0000000000015b43       0x3a ./Core/Src/Device_Functions.o
 .debug_macro   0x0000000000015b7d       0x52 ./Core/Src/Device_Functions.o
 .debug_macro   0x0000000000015bcf       0x18 ./Core/Src/Device_Functions.o
 .debug_macro   0x0000000000015be7       0x3c ./Core/Src/Device_Functions.o
 .debug_macro   0x0000000000015c23       0x34 ./Core/Src/Device_Functions.o
 .debug_macro   0x0000000000015c57       0x16 ./Core/Src/Device_Functions.o
 .debug_macro   0x0000000000015c6d       0x35 ./Core/Src/Device_Functions.o
 .debug_macro   0x0000000000015ca2      0x333 ./Core/Src/Device_Functions.o
 .debug_macro   0x0000000000015fd5       0x10 ./Core/Src/Device_Functions.o
 .debug_macro   0x0000000000015fe5       0x16 ./Core/Src/Device_Functions.o
 .debug_macro   0x0000000000015ffb       0x43 ./Core/Src/Device_Functions.o
 .debug_macro   0x000000000001603e       0x34 ./Core/Src/Device_Functions.o
 .debug_macro   0x0000000000016072       0x10 ./Core/Src/Device_Functions.o
 .debug_macro   0x0000000000016082       0x58 ./Core/Src/Device_Functions.o
 .debug_macro   0x00000000000160da       0x71 ./Core/Src/Device_Functions.o
 .debug_macro   0x000000000001614b       0x1c ./Core/Src/Device_Functions.o
 .debug_macro   0x0000000000016167      0x12a ./Core/Src/Device_Functions.o
 .debug_macro   0x0000000000016291       0x10 ./Core/Src/Device_Functions.o
 .debug_macro   0x00000000000162a1       0x1c ./Core/Src/Device_Functions.o
 .debug_macro   0x00000000000162bd       0x52 ./Core/Src/Device_Functions.o
 .debug_macro   0x000000000001630f       0x22 ./Core/Src/Device_Functions.o
 .debug_macro   0x0000000000016331       0x10 ./Core/Src/Device_Functions.o
 .debug_macro   0x0000000000016341       0x40 ./Core/Src/Device_Functions.o
 .debug_macro   0x0000000000016381       0xd5 ./Core/Src/Device_Functions.o
 .debug_macro   0x0000000000016456       0x1c ./Core/Src/Device_Functions.o
 .debug_macro   0x0000000000016472       0x3d ./Core/Src/Device_Functions.o
 .debug_macro   0x00000000000164af       0x16 ./Core/Src/Device_Functions.o
 .debug_macro   0x00000000000164c5      0x145 ./Core/Src/Device_Functions.o
 .debug_macro   0x000000000001660a       0x21 ./Core/Src/Software_timer.o
 .debug_macro   0x000000000001662b      0x1bb ./Core/Src/button.o
 .debug_macro   0x00000000000167e6      0x347 ./Core/Src/fsm_automatic.o
 .debug_macro   0x0000000000016b2d      0x1f2 ./Core/Src/fsm_manual.o
 .debug_macro   0x0000000000016d1f      0x1d4 ./Core/Src/global.o
 .debug_macro   0x0000000000016ef3      0x371 ./Core/Src/main.o
 .debug_macro   0x0000000000017264      0x1e8 ./Core/Src/modification_mode.o
 .debug_macro   0x000000000001744c      0x1b2 ./Core/Src/stm32f1xx_hal_msp.o
 .debug_macro   0x00000000000175fe      0x1bc ./Core/Src/stm32f1xx_it.o
 .debug_macro   0x00000000000177ba       0xff ./Core/Src/sysmem.o
 .debug_macro   0x00000000000178b9      0x23b ./Core/Src/sysmem.o
 .debug_macro   0x0000000000017af4      0x1a3 ./Core/Src/system_stm32f1xx.o
 .debug_macro   0x0000000000017c97      0x1c7 ./Drivers/STM32F1xx_HAL_Driver/Src/stm32f1xx_hal.o
 .debug_macro   0x0000000000017e5e      0x1a3 ./Drivers/STM32F1xx_HAL_Driver/Src/stm32f1xx_hal_cortex.o
 .debug_macro   0x0000000000018001      0x1a3 ./Drivers/STM32F1xx_HAL_Driver/Src/stm32f1xx_hal_dma.o
 .debug_macro   0x00000000000181a4      0x20e ./Drivers/STM32F1xx_HAL_Driver/Src/stm32f1xx_hal_gpio.o
 .debug_macro   0x00000000000183b2      0x1b5 ./Drivers/STM32F1xx_HAL_Driver/Src/stm32f1xx_hal_rcc.o
 .debug_macro   0x0000000000018567      0x1a4 ./Drivers/STM32F1xx_HAL_Driver/Src/stm32f1xx_hal_tim.o
 .debug_macro   0x000000000001870b      0x1a3 ./Drivers/STM32F1xx_HAL_Driver/Src/stm32f1xx_hal_tim_ex.o
 .debug_macro   0x00000000000188ae      0x1a4 ./Drivers/STM32F1xx_HAL_Driver/Src/stm32f1xx_hal_uart.o

.debug_line     0x0000000000000000    0x11c78
 .debug_line    0x0000000000000000      0xcdc ./Core/Src/Device_Functions.o
 .debug_line    0x0000000000000cdc      0x1f4 ./Core/Src/Software_timer.o
 .debug_line    0x0000000000000ed0      0x955 ./Core/Src/button.o
 .debug_line    0x0000000000001825      0xccd ./Core/Src/fsm_automatic.o
 .debug_line    0x00000000000024f2      0x902 ./Core/Src/fsm_manual.o
 .debug_line    0x0000000000002df4      0x8ce ./Core/Src/global.o
 .debug_line    0x00000000000036c2      0xda8 ./Core/Src/main.o
 .debug_line    0x000000000000446a      0x8ed ./Core/Src/modification_mode.o
 .debug_line    0x0000000000004d57      0x91d ./Core/Src/stm32f1xx_hal_msp.o
 .debug_line    0x0000000000005674      0x932 ./Core/Src/stm32f1xx_it.o
 .debug_line    0x0000000000005fa6      0x7a4 ./Core/Src/sysmem.o
 .debug_line    0x000000000000674a      0x8be ./Core/Src/system_stm32f1xx.o
 .debug_line    0x0000000000007008       0x87 ./Core/Startup/startup_stm32f103rbtx.o
 .debug_line    0x000000000000708f      0xaeb ./Drivers/STM32F1xx_HAL_Driver/Src/stm32f1xx_hal.o
 .debug_line    0x0000000000007b7a      0xcd3 ./Drivers/STM32F1xx_HAL_Driver/Src/stm32f1xx_hal_cortex.o
 .debug_line    0x000000000000884d      0xf43 ./Drivers/STM32F1xx_HAL_Driver/Src/stm32f1xx_hal_dma.o
 .debug_line    0x0000000000009790      0xb82 ./Drivers/STM32F1xx_HAL_Driver/Src/stm32f1xx_hal_gpio.o
 .debug_line    0x000000000000a312      0xef9 ./Drivers/STM32F1xx_HAL_Driver/Src/stm32f1xx_hal_rcc.o
 .debug_line    0x000000000000b20b     0x3494 ./Drivers/STM32F1xx_HAL_Driver/Src/stm32f1xx_hal_tim.o
 .debug_line    0x000000000000e69f     0x1a13 ./Drivers/STM32F1xx_HAL_Driver/Src/stm32f1xx_hal_tim_ex.o
 .debug_line    0x00000000000100b2     0x1bc6 ./Drivers/STM32F1xx_HAL_Driver/Src/stm32f1xx_hal_uart.o

.debug_str      0x0000000000000000    0x8b1d0
 .debug_str     0x0000000000000000    0x87bd7 ./Core/Src/Device_Functions.o
                                      0x880de (size before relaxing)
 .debug_str     0x0000000000087bd7      0x123 ./Core/Src/Software_timer.o
                                       0x2f21 (size before relaxing)
 .debug_str     0x0000000000087cfa       0x8e ./Core/Src/button.o
                                      0x83ddf (size before relaxing)
 .debug_str     0x0000000000087d88       0x66 ./Core/Src/fsm_automatic.o
                                      0x87fee (size before relaxing)
 .debug_str     0x0000000000087dee       0x55 ./Core/Src/fsm_manual.o
                                      0x83f2f (size before relaxing)
 .debug_str     0x0000000000087e43       0x6e ./Core/Src/global.o
                                      0x83f23 (size before relaxing)
 .debug_str     0x0000000000087eb1      0x3a4 ./Core/Src/main.o
                                      0x883b5 (size before relaxing)
 .debug_str     0x0000000000088255       0x32 ./Core/Src/modification_mode.o
                                      0x83f11 (size before relaxing)
 .debug_str     0x0000000000088287      0x32c ./Core/Src/stm32f1xx_hal_msp.o
                                      0x840f9 (size before relaxing)
 .debug_str     0x00000000000885b3       0xdf ./Core/Src/stm32f1xx_it.o
                                      0x83dad (size before relaxing)
 .debug_str     0x0000000000088692      0x4e9 ./Core/Src/sysmem.o
                                       0x6262 (size before relaxing)
 .debug_str     0x0000000000088b7b       0x52 ./Core/Src/system_stm32f1xx.o
                                      0x8345a (size before relaxing)
 .debug_str     0x0000000000088bcd       0x36 ./Core/Startup/startup_stm32f103rbtx.o
                                         0x76 (size before relaxing)
 .debug_str     0x0000000000088c03      0x304 ./Drivers/STM32F1xx_HAL_Driver/Src/stm32f1xx_hal.o
                                      0x83aeb (size before relaxing)
 .debug_str     0x0000000000088f07      0x300 ./Drivers/STM32F1xx_HAL_Driver/Src/stm32f1xx_hal_cortex.o
                                      0x83af3 (size before relaxing)
 .debug_str     0x0000000000089207      0x230 ./Drivers/STM32F1xx_HAL_Driver/Src/stm32f1xx_hal_dma.o
                                      0x83835 (size before relaxing)
 .debug_str     0x0000000000089437      0x31f ./Drivers/STM32F1xx_HAL_Driver/Src/stm32f1xx_hal_gpio.o
                                      0x8381e (size before relaxing)
 .debug_str     0x0000000000089756      0x24f ./Drivers/STM32F1xx_HAL_Driver/Src/stm32f1xx_hal_rcc.o
                                      0x83857 (size before relaxing)
 .debug_str     0x00000000000899a5      0xd68 ./Drivers/STM32F1xx_HAL_Driver/Src/stm32f1xx_hal_tim.o
                                      0x84829 (size before relaxing)
 .debug_str     0x000000000008a70d      0x4ee ./Drivers/STM32F1xx_HAL_Driver/Src/stm32f1xx_hal_tim_ex.o
                                      0x83fda (size before relaxing)
 .debug_str     0x000000000008abfb      0x5d5 ./Drivers/STM32F1xx_HAL_Driver/Src/stm32f1xx_hal_uart.o
                                      0x83e49 (size before relaxing)

.comment        0x0000000000000000       0x53
 .comment       0x0000000000000000       0x53 ./Core/Src/Device_Functions.o
                                         0x54 (size before relaxing)
 .comment       0x0000000000000053       0x54 ./Core/Src/Software_timer.o
 .comment       0x0000000000000053       0x54 ./Core/Src/button.o
 .comment       0x0000000000000053       0x54 ./Core/Src/fsm_automatic.o
 .comment       0x0000000000000053       0x54 ./Core/Src/fsm_manual.o
 .comment       0x0000000000000053       0x54 ./Core/Src/global.o
 .comment       0x0000000000000053       0x54 ./Core/Src/main.o
 .comment       0x0000000000000053       0x54 ./Core/Src/modification_mode.o
 .comment       0x0000000000000053       0x54 ./Core/Src/stm32f1xx_hal_msp.o
 .comment       0x0000000000000053       0x54 ./Core/Src/stm32f1xx_it.o
 .comment       0x0000000000000053       0x54 ./Core/Src/sysmem.o
 .comment       0x0000000000000053       0x54 ./Core/Src/system_stm32f1xx.o
 .comment       0x0000000000000053       0x54 ./Drivers/STM32F1xx_HAL_Driver/Src/stm32f1xx_hal.o
 .comment       0x0000000000000053       0x54 ./Drivers/STM32F1xx_HAL_Driver/Src/stm32f1xx_hal_cortex.o
 .comment       0x0000000000000053       0x54 ./Drivers/STM32F1xx_HAL_Driver/Src/stm32f1xx_hal_dma.o
 .comment       0x0000000000000053       0x54 ./Drivers/STM32F1xx_HAL_Driver/Src/stm32f1xx_hal_gpio.o